Archive member included to satisfy reference by file (symbol)

d:/place_for_installation/gcc_arm_none_eabi/gcc-arm-none-eabi-9-2019-q4-major-win32/bin/../lib/gcc/arm-none-eabi/9.2.1/thumb/v7e-m+fp/hard\libgcc.a(_aeabi_uldivmod.o)
                              CMakeFiles/STM32F405RGT6.elf.dir/Drivers/STM32F4xx_HAL_Driver/Src/stm32f4xx_hal_rcc.c.obj (__aeabi_uldivmod)
d:/place_for_installation/gcc_arm_none_eabi/gcc-arm-none-eabi-9-2019-q4-major-win32/bin/../lib/gcc/arm-none-eabi/9.2.1/thumb/v7e-m+fp/hard\libgcc.a(_udivmoddi4.o)
                              d:/place_for_installation/gcc_arm_none_eabi/gcc-arm-none-eabi-9-2019-q4-major-win32/bin/../lib/gcc/arm-none-eabi/9.2.1/thumb/v7e-m+fp/hard\libgcc.a(_aeabi_uldivmod.o) (__udivmoddi4)
d:/place_for_installation/gcc_arm_none_eabi/gcc-arm-none-eabi-9-2019-q4-major-win32/bin/../lib/gcc/arm-none-eabi/9.2.1/thumb/v7e-m+fp/hard\libgcc.a(_dvmd_tls.o)
                              d:/place_for_installation/gcc_arm_none_eabi/gcc-arm-none-eabi-9-2019-q4-major-win32/bin/../lib/gcc/arm-none-eabi/9.2.1/thumb/v7e-m+fp/hard\libgcc.a(_aeabi_uldivmod.o) (__aeabi_ldiv0)
d:/place_for_installation/gcc_arm_none_eabi/gcc-arm-none-eabi-9-2019-q4-major-win32/bin/../lib/gcc/arm-none-eabi/9.2.1/../../../../arm-none-eabi/lib/thumb/v7e-m+fp/hard\libg.a(lib_a-errno.o)
                              CMakeFiles/STM32F405RGT6.elf.dir/Core/Src/syscalls.c.obj (__errno)
d:/place_for_installation/gcc_arm_none_eabi/gcc-arm-none-eabi-9-2019-q4-major-win32/bin/../lib/gcc/arm-none-eabi/9.2.1/../../../../arm-none-eabi/lib/thumb/v7e-m+fp/hard\libg.a(lib_a-exit.o)
                              d:/place_for_installation/gcc_arm_none_eabi/gcc-arm-none-eabi-9-2019-q4-major-win32/bin/../lib/gcc/arm-none-eabi/9.2.1/../../../../arm-none-eabi/lib/thumb/v7e-m+fp/hard/crt0.o (exit)
d:/place_for_installation/gcc_arm_none_eabi/gcc-arm-none-eabi-9-2019-q4-major-win32/bin/../lib/gcc/arm-none-eabi/9.2.1/../../../../arm-none-eabi/lib/thumb/v7e-m+fp/hard\libg.a(lib_a-impure.o)
                              d:/place_for_installation/gcc_arm_none_eabi/gcc-arm-none-eabi-9-2019-q4-major-win32/bin/../lib/gcc/arm-none-eabi/9.2.1/../../../../arm-none-eabi/lib/thumb/v7e-m+fp/hard\libg.a(lib_a-exit.o) (_global_impure_ptr)
d:/place_for_installation/gcc_arm_none_eabi/gcc-arm-none-eabi-9-2019-q4-major-win32/bin/../lib/gcc/arm-none-eabi/9.2.1/../../../../arm-none-eabi/lib/thumb/v7e-m+fp/hard\libg.a(lib_a-init.o)
                              d:/place_for_installation/gcc_arm_none_eabi/gcc-arm-none-eabi-9-2019-q4-major-win32/bin/../lib/gcc/arm-none-eabi/9.2.1/../../../../arm-none-eabi/lib/thumb/v7e-m+fp/hard/crt0.o (__libc_init_array)
d:/place_for_installation/gcc_arm_none_eabi/gcc-arm-none-eabi-9-2019-q4-major-win32/bin/../lib/gcc/arm-none-eabi/9.2.1/../../../../arm-none-eabi/lib/thumb/v7e-m+fp/hard\libg.a(lib_a-memcpy.o)
                              CMakeFiles/STM32F405RGT6.elf.dir/Middlewares/Third_Party/FreeRTOS/Source/CMSIS_RTOS_V2/cmsis_os2.c.obj (memcpy)
d:/place_for_installation/gcc_arm_none_eabi/gcc-arm-none-eabi-9-2019-q4-major-win32/bin/../lib/gcc/arm-none-eabi/9.2.1/../../../../arm-none-eabi/lib/thumb/v7e-m+fp/hard\libg.a(lib_a-memset.o)
                              d:/place_for_installation/gcc_arm_none_eabi/gcc-arm-none-eabi-9-2019-q4-major-win32/bin/../lib/gcc/arm-none-eabi/9.2.1/../../../../arm-none-eabi/lib/thumb/v7e-m+fp/hard/crt0.o (memset)
d:/place_for_installation/gcc_arm_none_eabi/gcc-arm-none-eabi-9-2019-q4-major-win32/bin/../lib/gcc/arm-none-eabi/9.2.1/../../../../arm-none-eabi/lib/thumb/v7e-m+fp/hard\libg.a(lib_a-reent.o)
                              CMakeFiles/STM32F405RGT6.elf.dir/Middlewares/Third_Party/FreeRTOS/Source/tasks.c.obj (_reclaim_reent)
d:/place_for_installation/gcc_arm_none_eabi/gcc-arm-none-eabi-9-2019-q4-major-win32/bin/../lib/gcc/arm-none-eabi/9.2.1/../../../../arm-none-eabi/lib/thumb/v7e-m+fp/hard\libg.a(lib_a-__call_atexit.o)
                              d:/place_for_installation/gcc_arm_none_eabi/gcc-arm-none-eabi-9-2019-q4-major-win32/bin/../lib/gcc/arm-none-eabi/9.2.1/../../../../arm-none-eabi/lib/thumb/v7e-m+fp/hard\libg.a(lib_a-exit.o) (__call_exitprocs)
d:/place_for_installation/gcc_arm_none_eabi/gcc-arm-none-eabi-9-2019-q4-major-win32/bin/../lib/gcc/arm-none-eabi/9.2.1/../../../../arm-none-eabi/lib/thumb/v7e-m+fp/hard\libg.a(lib_a-atexit.o)
                              d:/place_for_installation/gcc_arm_none_eabi/gcc-arm-none-eabi-9-2019-q4-major-win32/bin/../lib/gcc/arm-none-eabi/9.2.1/../../../../arm-none-eabi/lib/thumb/v7e-m+fp/hard\libg.a(lib_a-__call_atexit.o) (atexit)
d:/place_for_installation/gcc_arm_none_eabi/gcc-arm-none-eabi-9-2019-q4-major-win32/bin/../lib/gcc/arm-none-eabi/9.2.1/../../../../arm-none-eabi/lib/thumb/v7e-m+fp/hard\libg.a(lib_a-fini.o)
[...]
Memory Configuration

Name             Origin             Length             Attributes
CCMRAM           0x10000000         0x00010000         xrw
RAM              0x20000000         0x00020000         xrw
FLASH            0x08000000         0x00100000         xr
*default*        0x00000000         0xffffffff

Linker script and memory map

LOAD d:/place_for_installation/gcc_arm_none_eabi/gcc-arm-none-eabi-9-2019-q4-major-win32/bin/../lib/gcc/arm-none-eabi/9.2.1/thumb/v7e-m+fp/hard/crti.o
LOAD d:/place_for_installation/gcc_arm_none_eabi/gcc-arm-none-eabi-9-2019-q4-major-win32/bin/../lib/gcc/arm-none-eabi/9.2.1/thumb/v7e-m+fp/hard/crtbegin.o
LOAD d:/place_for_installation/gcc_arm_none_eabi/gcc-arm-none-eabi-9-2019-q4-major-win32/bin/../lib/gcc/arm-none-eabi/9.2.1/../../../../arm-none-eabi/lib/thumb/v7e-m+fp/hard/crt0.o
LOAD CMakeFiles/STM32F405RGT6.elf.dir/Core/Src/adc.c.obj
LOAD CMakeFiles/STM32F405RGT6.elf.dir/Core/Src/can.c.obj
LOAD CMakeFiles/STM32F405RGT6.elf.dir/Core/Src/dma.c.obj
LOAD CMakeFiles/STM32F405RGT6.elf.dir/Core/Src/freertos.c.obj
LOAD CMakeFiles/STM32F405RGT6.elf.dir/Core/Src/gpio.c.obj
LOAD CMakeFiles/STM32F405RGT6.elf.dir/Core/Src/i2c.c.obj
LOAD CMakeFiles/STM32F405RGT6.elf.dir/Core/Src/main.c.obj
LOAD CMakeFiles/STM32F405RGT6.elf.dir/Core/Src/spi.c.obj
LOAD CMakeFiles/STM32F405RGT6.elf.dir/Core/Src/stm32f4xx_hal_msp.c.obj
LOAD CMakeFiles/STM32F405RGT6.elf.dir/Core/Src/stm32f4xx_hal_timebase_tim.c.obj
LOAD CMakeFiles/STM32F405RGT6.elf.dir/Core/Src/stm32f4xx_it.c.obj
LOAD CMakeFiles/STM32F405RGT6.elf.dir/Core/Src/syscalls.c.obj
LOAD CMakeFiles/STM32F405RGT6.elf.dir/Core/Src/sysmem.c.obj
LOAD CMakeFiles/STM32F405RGT6.elf.dir/Core/Src/system_stm32f4xx.c.obj
LOAD CMakeFiles/STM32F405RGT6.elf.dir/Core/Src/tim.c.obj
LOAD CMakeFiles/STM32F405RGT6.elf.dir/Core/Src/usart.c.obj
LOAD CMakeFiles/STM32F405RGT6.elf.dir/Core/Startup/startup_stm32f405rgtx.s.obj
LOAD CMakeFiles/STM32F405RGT6.elf.dir/Drivers/STM32F4xx_HAL_Driver/Src/stm32f4xx_hal.c.obj
LOAD CMakeFiles/STM32F405RGT6.elf.dir/Drivers/STM32F4xx_HAL_Driver/Src/stm32f4xx_hal_adc.c.obj
LOAD CMakeFiles/STM32F405RGT6.elf.dir/Drivers/STM32F4xx_HAL_Driver/Src/stm32f4xx_hal_adc_ex.c.obj
LOAD CMakeFiles/STM32F405RGT6.elf.dir/Drivers/STM32F4xx_HAL_Driver/Src/stm32f4xx_hal_can.c.obj
LOAD CMakeFiles/STM32F405RGT6.elf.dir/Drivers/STM32F4xx_HAL_Driver/Src/stm32f4xx_hal_cortex.c.obj
LOAD CMakeFiles/STM32F405RGT6.elf.dir/Drivers/STM32F4xx_HAL_Driver/Src/stm32f4xx_hal_dma.c.obj
LOAD CMakeFiles/STM32F405RGT6.elf.dir/Drivers/STM32F4xx_HAL_Driver/Src/stm32f4xx_hal_dma_ex.c.obj
LOAD CMakeFiles/STM32F405RGT6.elf.dir/Drivers/STM32F4xx_HAL_Driver/Src/stm32f4xx_hal_exti.c.obj
LOAD CMakeFiles/STM32F405RGT6.elf.dir/Drivers/STM32F4xx_HAL_Driver/Src/stm32f4xx_hal_flash.c.obj
LOAD CMakeFiles/STM32F405RGT6.elf.dir/Drivers/STM32F4xx_HAL_Driver/Src/stm32f4xx_hal_flash_ex.c.obj
LOAD CMakeFiles/STM32F405RGT6.elf.dir/Drivers/STM32F4xx_HAL_Driver/Src/stm32f4xx_hal_flash_ramfunc.c.obj
LOAD CMakeFiles/STM32F405RGT6.elf.dir/Drivers/STM32F4xx_HAL_Driver/Src/stm32f4xx_hal_gpio.c.obj
LOAD CMakeFiles/STM32F405RGT6.elf.dir/Drivers/STM32F4xx_HAL_Driver/Src/stm32f4xx_hal_i2c.c.obj
LOAD CMakeFiles/STM32F405RGT6.elf.dir/Drivers/STM32F4xx_HAL_Driver/Src/stm32f4xx_hal_i2c_ex.c.obj
LOAD CMakeFiles/STM32F405RGT6.elf.dir/Drivers/STM32F4xx_HAL_Driver/Src/stm32f4xx_hal_pwr.c.obj
LOAD CMakeFiles/STM32F405RGT6.elf.dir/Drivers/STM32F4xx_HAL_Driver/Src/stm32f4xx_hal_pwr_ex.c.obj
LOAD CMakeFiles/STM32F405RGT6.elf.dir/Drivers/STM32F4xx_HAL_Driver/Src/stm32f4xx_hal_rcc.c.obj
LOAD CMakeFiles/STM32F405RGT6.elf.dir/Drivers/STM32F4xx_HAL_Driver/Src/stm32f4xx_hal_rcc_ex.c.obj
LOAD CMakeFiles/STM32F405RGT6.elf.dir/Drivers/STM32F4xx_HAL_Driver/Src/stm32f4xx_hal_spi.c.obj
LOAD CMakeFiles/STM32F405RGT6.elf.dir/Drivers/STM32F4xx_HAL_Driver/Src/stm32f4xx_hal_tim.c.obj
LOAD CMakeFiles/STM32F405RGT6.elf.dir/Drivers/STM32F4xx_HAL_Driver/Src/stm32f4xx_hal_tim_ex.c.obj
LOAD CMakeFiles/STM32F405RGT6.elf.dir/Drivers/STM32F4xx_HAL_Driver/Src/stm32f4xx_hal_uart.c.obj
LOAD CMakeFiles/STM32F405RGT6.elf.dir/Drivers/STM32F4xx_HAL_Driver/Src/stm32f4xx_ll_adc.c.obj
LOAD CMakeFiles/STM32F405RGT6.elf.dir/Middlewares/Third_Party/FreeRTOS/Source/CMSIS_RTOS_V2/cmsis_os2.c.obj
LOAD CMakeFiles/STM32F405RGT6.elf.dir/Middlewares/Third_Party/FreeRTOS/Source/croutine.c.obj
LOAD CMakeFiles/STM32F405RGT6.elf.dir/Middlewares/Third_Party/FreeRTOS/Source/event_groups.c.obj
LOAD CMakeFiles/STM32F405RGT6.elf.dir/Middlewares/Third_Party/FreeRTOS/Source/list.c.obj
LOAD CMakeFiles/STM32F405RGT6.elf.dir/Middlewares/Third_Party/FreeRTOS/Source/portable/GCC/ARM_CM4F/port.c.obj
LOAD CMakeFiles/STM32F405RGT6.elf.dir/Middlewares/Third_Party/FreeRTOS/Source/portable/MemMang/heap_4.c.obj
LOAD CMakeFiles/STM32F405RGT6.elf.dir/Middlewares/Third_Party/FreeRTOS/Source/queue.c.obj
LOAD CMakeFiles/STM32F405RGT6.elf.dir/Middlewares/Third_Party/FreeRTOS/Source/stream_buffer.c.obj
LOAD CMakeFiles/STM32F405RGT6.elf.dir/Middlewares/Third_Party/FreeRTOS/Source/tasks.c.obj
LOAD CMakeFiles/STM32F405RGT6.elf.dir/Middlewares/Third_Party/FreeRTOS/Source/timers.c.obj
START GROUP
LOAD d:/place_for_installation/gcc_arm_none_eabi/gcc-arm-none-eabi-9-2019-q4-major-win32/bin/../lib/gcc/arm-none-eabi/9.2.1/thumb/v7e-m+fp/hard\libgcc.a
LOAD d:/place_for_installation/gcc_arm_none_eabi/gcc-arm-none-eabi-9-2019-q4-major-win32/bin/../lib/gcc/arm-none-eabi/9.2.1/../../../../arm-none-eabi/lib/thumb/v7e-m+fp/hard\libg.a
LOAD d:/place_for_installation/gcc_arm_none_eabi/gcc-arm-none-eabi-9-2019-q4-major-win32/bin/../lib/gcc/arm-none-eabi/9.2.1/../../../../arm-none-eabi/lib/thumb/v7e-m+fp/hard\libc.a
END GROUP
LOAD d:/place_for_installation/gcc_arm_none_eabi/gcc-arm-none-eabi-9-2019-q4-major-win32/bin/../lib/gcc/arm-none-eabi/9.2.1/thumb/v7e-m+fp/hard/crtend.o
LOAD d:/place_for_installation/gcc_arm_none_eabi/gcc-arm-none-eabi-9-2019-q4-major-win32/bin/../lib/gcc/arm-none-eabi/9.2.1/thumb/v7e-m+fp/hard/crtn.o
                0x20020000                _estack = (ORIGIN (RAM) + LENGTH (RAM))
                0x00000200                _Min_Heap_Size = 0x200
                0x00000400                _Min_Stack_Size = 0x400

.isr_vector     0x08000000      0x188
                0x08000000                . = ALIGN (0x4)
 *(.isr_vector)
 .isr_vector    0x08000000      0x188 CMakeFiles/STM32F405RGT6.elf.dir/Core/Startup/startup_stm32f405rgtx.s.obj
                0x08000000                g_pfnVectors
                0x08000188                . = ALIGN (0x4)

.text           0x08000190     0x5d14
                0x08000190                . = ALIGN (0x4)
 *(.text)
 .text          0x08000190       0x40 d:/place_for_installation/gcc_arm_none_eabi/gcc-arm-none-eabi-9-2019-q4-major-win32/bin/../lib/gcc/arm-none-eabi/9.2.1/thumb/v7e-m+fp/hard/crtbegin.o
 .text          0x080001d0       0x30 d:/place_for_installation/gcc_arm_none_eabi/gcc-arm-none-eabi-9-2019-q4-major-win32/bin/../lib/gcc/arm-none-eabi/9.2.1/thumb/v7e-m+fp/hard\libgcc.a(_aeabi_uldivmod.o)
                0x080001d0                __aeabi_uldivmod
 .text          0x08000200      0x2c4 d:/place_for_installation/gcc_arm_none_eabi/gcc-arm-none-eabi-9-2019-q4-major-win32/bin/../lib/gcc/arm-none-eabi/9.2.1/thumb/v7e-m+fp/hard\libgcc.a(_udivmoddi4.o)
                0x08000200                __udivmoddi4
 .text          0x080004c4        0x4 d:/place_for_installation/gcc_arm_none_eabi/gcc-arm-none-eabi-9-2019-q4-major-win32/bin/../lib/gcc/arm-none-eabi/9.2.1/thumb/v7e-m+fp/hard\libgcc.a(_dvmd_tls.o)
                0x080004c4                __aeabi_idiv0
                0x080004c4                __aeabi_ldiv0
 .text          0x080004c8      0x134 d:/place_for_installation/gcc_arm_none_eabi/gcc-arm-none-eabi-9-2019-q4-major-win32/bin/../lib/gcc/arm-none-eabi/9.2.1/../../../../arm-none-eabi/lib/thumb/v7e-m+fp/hard\libg.a(lib_a-memcpy.o)
                0x080004c8                memcpy
 *(.text*)
 .text.MX_ADC1_Init
                0x080005fc       0xfc CMakeFiles/STM32F405RGT6.elf.dir/Core/Src/adc.c.obj
                0x080005fc                MX_ADC1_Init
 .text.HAL_ADC_MspInit
                0x080006f8       0xbc CMakeFiles/STM32F405RGT6.elf.dir/Core/Src/adc.c.obj
                0x080006f8                HAL_ADC_MspInit
 .text.MX_CAN1_Init
                0x080007b4       0x44 CMakeFiles/STM32F405RGT6.elf.dir/Core/Src/can.c.obj
                0x080007b4                MX_CAN1_Init
 .text.MX_CAN2_Init
                0x080007f8       0x44 CMakeFiles/STM32F405RGT6.elf.dir/Core/Src/can.c.obj
                0x080007f8                MX_CAN2_Init
 .text.HAL_CAN_MspInit
                0x0800083c      0x1cc CMakeFiles/STM32F405RGT6.elf.dir/Core/Src/can.c.obj
                0x0800083c                HAL_CAN_MspInit
 .text.MX_DMA_Init
                0x08000a08       0x88 CMakeFiles/STM32F405RGT6.elf.dir/Core/Src/dma.c.obj
                0x08000a08                MX_DMA_Init
 .text.StartDefaultTask
                0x08000a90        0xa CMakeFiles/STM32F405RGT6.elf.dir/Core/Src/freertos.c.obj
                0x08000a90                StartDefaultTask
 *fill*         0x08000a9a        0x2 
 .text.MX_FREERTOS_Init
                0x08000a9c       0x20 CMakeFiles/STM32F405RGT6.elf.dir/Core/Src/freertos.c.obj
                0x08000a9c                MX_FREERTOS_Init
 .text.MX_GPIO_Init
                0x08000abc       0xbc CMakeFiles/STM32F405RGT6.elf.dir/Core/Src/gpio.c.obj
                0x08000abc                MX_GPIO_Init
 .text.MX_I2C1_Init
                0x08000b78       0x3c CMakeFiles/STM32F405RGT6.elf.dir/Core/Src/i2c.c.obj
                0x08000b78                MX_I2C1_Init
 .text.MX_I2C2_Init
                0x08000bb4       0x3c CMakeFiles/STM32F405RGT6.elf.dir/Core/Src/i2c.c.obj
                0x08000bb4                MX_I2C2_Init
 .text.MX_I2C3_Init
                0x08000bf0       0x3c CMakeFiles/STM32F405RGT6.elf.dir/Core/Src/i2c.c.obj
                0x08000bf0                MX_I2C3_Init
 .text.HAL_I2C_MspInit
                0x08000c2c      0x160 CMakeFiles/STM32F405RGT6.elf.dir/Core/Src/i2c.c.obj
                0x08000c2c                HAL_I2C_MspInit
 .text.HAL_TIM_PeriodElapsedCallback
                0x08000d8c       0x18 CMakeFiles/STM32F405RGT6.elf.dir/Core/Src/main.c.obj
                0x08000d8c                HAL_TIM_PeriodElapsedCallback
 .text.Error_Handler
                0x08000da4        0x4 CMakeFiles/STM32F405RGT6.elf.dir/Core/Src/main.c.obj
                0x08000da4                Error_Handler
 .text.SystemClock_Config
                0x08000da8       0xa8 CMakeFiles/STM32F405RGT6.elf.dir/Core/Src/main.c.obj
                0x08000da8                SystemClock_Config
 .text.main     0x08000e50       0x54 CMakeFiles/STM32F405RGT6.elf.dir/Core/Src/main.c.obj
                0x08000e50                main
 .text.MX_SPI1_Init
                0x08000ea4       0x40 CMakeFiles/STM32F405RGT6.elf.dir/Core/Src/spi.c.obj
                0x08000ea4                MX_SPI1_Init
 .text.MX_SPI3_Init
                0x08000ee4       0x40 CMakeFiles/STM32F405RGT6.elf.dir/Core/Src/spi.c.obj
                0x08000ee4                MX_SPI3_Init
 .text.HAL_SPI_MspInit
                0x08000f24      0x12c CMakeFiles/STM32F405RGT6.elf.dir/Core/Src/spi.c.obj
                0x08000f24                HAL_SPI_MspInit
 .text.HAL_MspInit
                0x08001050       0x44 CMakeFiles/STM32F405RGT6.elf.dir/Core/Src/stm32f4xx_hal_msp.c.obj
                0x08001050                HAL_MspInit
 .text.HAL_InitTick
                0x08001094       0xa4 CMakeFiles/STM32F405RGT6.elf.dir/Core/Src/stm32f4xx_hal_timebase_tim.c.obj
                0x08001094                HAL_InitTick
 .text.NMI_Handler
                0x08001138        0x2 CMakeFiles/STM32F405RGT6.elf.dir/Core/Src/stm32f4xx_it.c.obj
                0x08001138                NMI_Handler
 .text.HardFault_Handler
                0x0800113a        0x2 CMakeFiles/STM32F405RGT6.elf.dir/Core/Src/stm32f4xx_it.c.obj
                0x0800113a                HardFault_Handler
 .text.MemManage_Handler
                0x0800113c        0x2 CMakeFiles/STM32F405RGT6.elf.dir/Core/Src/stm32f4xx_it.c.obj
                0x0800113c                MemManage_Handler
 .text.BusFault_Handler
                0x0800113e        0x2 CMakeFiles/STM32F405RGT6.elf.dir/Core/Src/stm32f4xx_it.c.obj
                0x0800113e                BusFault_Handler
 .text.UsageFault_Handler
                0x08001140        0x2 CMakeFiles/STM32F405RGT6.elf.dir/Core/Src/stm32f4xx_it.c.obj
                0x08001140                UsageFault_Handler
 .text.DebugMon_Handler
                0x08001142        0x2 CMakeFiles/STM32F405RGT6.elf.dir/Core/Src/stm32f4xx_it.c.obj
                0x08001142                DebugMon_Handler
 .text.DMA1_Stream0_IRQHandler
                0x08001144       0x10 CMakeFiles/STM32F405RGT6.elf.dir/Core/Src/stm32f4xx_it.c.obj
                0x08001144                DMA1_Stream0_IRQHandler
 .text.DMA1_Stream2_IRQHandler
                0x08001154       0x10 CMakeFiles/STM32F405RGT6.elf.dir/Core/Src/stm32f4xx_it.c.obj
                0x08001154                DMA1_Stream2_IRQHandler
 .text.DMA1_Stream4_IRQHandler
                0x08001164       0x10 CMakeFiles/STM32F405RGT6.elf.dir/Core/Src/stm32f4xx_it.c.obj
                0x08001164                DMA1_Stream4_IRQHandler
 .text.ADC_IRQHandler
                0x08001174       0x10 CMakeFiles/STM32F405RGT6.elf.dir/Core/Src/stm32f4xx_it.c.obj
                0x08001174                ADC_IRQHandler
 .text.CAN1_TX_IRQHandler
                0x08001184       0x10 CMakeFiles/STM32F405RGT6.elf.dir/Core/Src/stm32f4xx_it.c.obj
                0x08001184                CAN1_TX_IRQHandler
 .text.CAN1_RX0_IRQHandler
                0x08001194       0x10 CMakeFiles/STM32F405RGT6.elf.dir/Core/Src/stm32f4xx_it.c.obj
                0x08001194                CAN1_RX0_IRQHandler
 .text.CAN1_RX1_IRQHandler
                0x080011a4       0x10 CMakeFiles/STM32F405RGT6.elf.dir/Core/Src/stm32f4xx_it.c.obj
                0x080011a4                CAN1_RX1_IRQHandler
 .text.CAN1_SCE_IRQHandler
                0x080011b4       0x10 CMakeFiles/STM32F405RGT6.elf.dir/Core/Src/stm32f4xx_it.c.obj
                0x080011b4                CAN1_SCE_IRQHandler
 .text.TIM2_IRQHandler
                0x080011c4       0x10 CMakeFiles/STM32F405RGT6.elf.dir/Core/Src/stm32f4xx_it.c.obj
                0x080011c4                TIM2_IRQHandler
 .text.TIM3_IRQHandler
                0x080011d4       0x10 CMakeFiles/STM32F405RGT6.elf.dir/Core/Src/stm32f4xx_it.c.obj
                0x080011d4                TIM3_IRQHandler
 .text.DMA1_Stream7_IRQHandler
                0x080011e4       0x10 CMakeFiles/STM32F405RGT6.elf.dir/Core/Src/stm32f4xx_it.c.obj
                0x080011e4                DMA1_Stream7_IRQHandler
 .text.SPI3_IRQHandler
                0x080011f4       0x10 CMakeFiles/STM32F405RGT6.elf.dir/Core/Src/stm32f4xx_it.c.obj
                0x080011f4                SPI3_IRQHandler
 .text.UART4_IRQHandler
                0x08001204       0x10 CMakeFiles/STM32F405RGT6.elf.dir/Core/Src/stm32f4xx_it.c.obj
                0x08001204                UART4_IRQHandler
 .text.UART5_IRQHandler
                0x08001214       0x10 CMakeFiles/STM32F405RGT6.elf.dir/Core/Src/stm32f4xx_it.c.obj
                0x08001214                UART5_IRQHandler
 .text.TIM7_IRQHandler
                0x08001224       0x10 CMakeFiles/STM32F405RGT6.elf.dir/Core/Src/stm32f4xx_it.c.obj
                0x08001224                TIM7_IRQHandler
 .text.DMA2_Stream0_IRQHandler
                0x08001234       0x10 CMakeFiles/STM32F405RGT6.elf.dir/Core/Src/stm32f4xx_it.c.obj
                0x08001234                DMA2_Stream0_IRQHandler
 .text.CAN2_TX_IRQHandler
                0x08001244       0x10 CMakeFiles/STM32F405RGT6.elf.dir/Core/Src/stm32f4xx_it.c.obj
                0x08001244                CAN2_TX_IRQHandler
 .text.CAN2_RX0_IRQHandler
                0x08001254       0x10 CMakeFiles/STM32F405RGT6.elf.dir/Core/Src/stm32f4xx_it.c.obj
                0x08001254                CAN2_RX0_IRQHandler
 .text.CAN2_RX1_IRQHandler
                0x08001264       0x10 CMakeFiles/STM32F405RGT6.elf.dir/Core/Src/stm32f4xx_it.c.obj
                0x08001264                CAN2_RX1_IRQHandler
 .text.CAN2_SCE_IRQHandler
                0x08001274       0x10 CMakeFiles/STM32F405RGT6.elf.dir/Core/Src/stm32f4xx_it.c.obj
                0x08001274                CAN2_SCE_IRQHandler
 .text._sbrk    0x08001284       0x48 CMakeFiles/STM32F405RGT6.elf.dir/Core/Src/sysmem.c.obj
                0x08001284                _sbrk
 .text.SystemInit
                0x080012cc       0x14 CMakeFiles/STM32F405RGT6.elf.dir/Core/Src/system_stm32f4xx.c.obj
                0x080012cc                SystemInit
 .text.MX_TIM2_Init
                0x080012e0       0x68 CMakeFiles/STM32F405RGT6.elf.dir/Core/Src/tim.c.obj
                0x080012e0                MX_TIM2_Init
 .text.MX_TIM3_Init
                0x08001348       0x68 CMakeFiles/STM32F405RGT6.elf.dir/Core/Src/tim.c.obj
                0x08001348                MX_TIM3_Init
 .text.HAL_TIM_Encoder_MspInit
                0x080013b0      0x134 CMakeFiles/STM32F405RGT6.elf.dir/Core/Src/tim.c.obj
                0x080013b0                HAL_TIM_Encoder_MspInit
 .text.MX_UART4_Init
                0x080014e4       0x34 CMakeFiles/STM32F405RGT6.elf.dir/Core/Src/usart.c.obj
                0x080014e4                MX_UART4_Init
 .text.MX_UART5_Init
                0x08001518       0x34 CMakeFiles/STM32F405RGT6.elf.dir/Core/Src/usart.c.obj
                0x08001518                MX_UART5_Init
 .text.MX_USART1_UART_Init
                0x0800154c       0x34 CMakeFiles/STM32F405RGT6.elf.dir/Core/Src/usart.c.obj
                0x0800154c                MX_USART1_UART_Init
 .text.HAL_UART_MspInit
                0x08001580      0x278 CMakeFiles/STM32F405RGT6.elf.dir/Core/Src/usart.c.obj
                0x08001580                HAL_UART_MspInit
 .text.Reset_Handler
                0x080017f8       0x50 CMakeFiles/STM32F405RGT6.elf.dir/Core/Startup/startup_stm32f405rgtx.s.obj
                0x080017f8                Reset_Handler
 .text.Default_Handler
                0x08001848        0x2 CMakeFiles/STM32F405RGT6.elf.dir/Core/Startup/startup_stm32f405rgtx.s.obj
                0x08001848                RTC_Alarm_IRQHandler
                0x08001848                HASH_RNG_IRQHandler
                0x08001848                EXTI2_IRQHandler
                0x08001848                TIM8_CC_IRQHandler
                0x08001848                TIM1_CC_IRQHandler
                0x08001848                DMA2_Stream5_IRQHandler
                0x08001848                DMA1_Stream5_IRQHandler
                0x08001848                PVD_IRQHandler
                0x08001848                SDIO_IRQHandler
                0x08001848                TAMP_STAMP_IRQHandler
                0x08001848                EXTI3_IRQHandler
                0x08001848                TIM8_TRG_COM_TIM14_IRQHandler
                0x08001848                TIM1_UP_TIM10_IRQHandler
                0x08001848                TIM8_UP_TIM13_IRQHandler
                0x08001848                I2C3_ER_IRQHandler
                0x08001848                EXTI0_IRQHandler
                0x08001848                I2C2_EV_IRQHandler
                0x08001848                FPU_IRQHandler
                0x08001848                OTG_HS_WKUP_IRQHandler
                0x08001848                DMA2_Stream2_IRQHandler
                0x08001848                SPI1_IRQHandler
                0x08001848                TIM6_DAC_IRQHandler
                0x08001848                TIM1_BRK_TIM9_IRQHandler
                0x08001848                DMA2_Stream3_IRQHandler
                0x08001848                USART6_IRQHandler
                0x08001848                USART3_IRQHandler
                0x08001848                TIM4_IRQHandler
                0x08001848                I2C1_EV_IRQHandler
                0x08001848                DMA1_Stream6_IRQHandler
                0x08001848                DMA1_Stream1_IRQHandler
                0x08001848                RCC_IRQHandler
                0x08001848                TIM8_BRK_TIM12_IRQHandler
                0x08001848                Default_Handler
                0x08001848                EXTI15_10_IRQHandler
                0x08001848                TIM5_IRQHandler
                0x08001848                DMA2_Stream7_IRQHandler
                0x08001848                I2C3_EV_IRQHandler
                0x08001848                EXTI9_5_IRQHandler
                0x08001848                RTC_WKUP_IRQHandler
                0x08001848                SPI2_IRQHandler
                0x08001848                OTG_HS_EP1_IN_IRQHandler
                0x08001848                EXTI4_IRQHandler
                0x08001848                FSMC_IRQHandler
                0x08001848                OTG_HS_EP1_OUT_IRQHandler
                0x08001848                WWDG_IRQHandler
                0x08001848                OTG_FS_WKUP_IRQHandler
                0x08001848                TIM1_TRG_COM_TIM11_IRQHandler
                0x08001848                OTG_HS_IRQHandler
                0x08001848                EXTI1_IRQHandler
                0x08001848                USART2_IRQHandler
                0x08001848                I2C2_ER_IRQHandler
                0x08001848                DMA2_Stream1_IRQHandler
                0x08001848                FLASH_IRQHandler
                0x08001848                DMA2_Stream4_IRQHandler
                0x08001848                USART1_IRQHandler
                0x08001848                OTG_FS_IRQHandler
                0x08001848                I2C1_ER_IRQHandler
                0x08001848                DMA2_Stream6_IRQHandler
                0x08001848                DMA1_Stream3_IRQHandler
 *fill*         0x0800184a        0x2 
 .text.HAL_Init
                0x0800184c       0x34 CMakeFiles/STM32F405RGT6.elf.dir/Drivers/STM32F4xx_HAL_Driver/Src/stm32f4xx_hal.c.obj
                0x0800184c                HAL_Init
 .text.HAL_IncTick
                0x08001880       0x18 CMakeFiles/STM32F405RGT6.elf.dir/Drivers/STM32F4xx_HAL_Driver/Src/stm32f4xx_hal.c.obj
                0x08001880                HAL_IncTick
 .text.HAL_GetTick
                0x08001898        0xc CMakeFiles/STM32F405RGT6.elf.dir/Drivers/STM32F4xx_HAL_Driver/Src/stm32f4xx_hal.c.obj
                0x08001898                HAL_GetTick
 .text.ADC_Init
                0x080018a4      0x134 CMakeFiles/STM32F405RGT6.elf.dir/Drivers/STM32F4xx_HAL_Driver/Src/stm32f4xx_hal_adc.c.obj
 .text.HAL_ADC_Init
                0x080019d8       0x56 CMakeFiles/STM32F405RGT6.elf.dir/Drivers/STM32F4xx_HAL_Driver/Src/stm32f4xx_hal_adc.c.obj
                0x080019d8                HAL_ADC_Init
 .text.HAL_ADC_ConvCpltCallback
                0x08001a2e        0x2 CMakeFiles/STM32F405RGT6.elf.dir/Drivers/STM32F4xx_HAL_Driver/Src/stm32f4xx_hal_adc.c.obj
                0x08001a2e                HAL_ADC_ConvCpltCallback
 .text.HAL_ADC_LevelOutOfWindowCallback
                0x08001a30        0x2 CMakeFiles/STM32F405RGT6.elf.dir/Drivers/STM32F4xx_HAL_Driver/Src/stm32f4xx_hal_adc.c.obj
                0x08001a30                HAL_ADC_LevelOutOfWindowCallback
 .text.HAL_ADC_ErrorCallback
                0x08001a32        0x2 CMakeFiles/STM32F405RGT6.elf.dir/Drivers/STM32F4xx_HAL_Driver/Src/stm32f4xx_hal_adc.c.obj
                0x08001a32                HAL_ADC_ErrorCallback
 .text.HAL_ADC_IRQHandler
                0x08001a34      0x142 CMakeFiles/STM32F405RGT6.elf.dir/Drivers/STM32F4xx_HAL_Driver/Src/stm32f4xx_hal_adc.c.obj
                0x08001a34                HAL_ADC_IRQHandler
 *fill*         0x08001b76        0x2 
 .text.HAL_ADC_ConfigChannel
                0x08001b78      0x190 CMakeFiles/STM32F405RGT6.elf.dir/Drivers/STM32F4xx_HAL_Driver/Src/stm32f4xx_hal_adc.c.obj
                0x08001b78                HAL_ADC_ConfigChannel
 .text.HAL_ADCEx_InjectedConvCpltCallback
                0x08001d08        0x2 CMakeFiles/STM32F405RGT6.elf.dir/Drivers/STM32F4xx_HAL_Driver/Src/stm32f4xx_hal_adc_ex.c.obj
                0x08001d08                HAL_ADCEx_InjectedConvCpltCallback
 .text.HAL_CAN_Init
                0x08001d0a      0x14c CMakeFiles/STM32F405RGT6.elf.dir/Drivers/STM32F4xx_HAL_Driver/Src/stm32f4xx_hal_can.c.obj
                0x08001d0a                HAL_CAN_Init
 .text.HAL_CAN_TxMailbox0CompleteCallback
                0x08001e56        0x2 CMakeFiles/STM32F405RGT6.elf.dir/Drivers/STM32F4xx_HAL_Driver/Src/stm32f4xx_hal_can.c.obj
                0x08001e56                HAL_CAN_TxMailbox0CompleteCallback
 .text.HAL_CAN_TxMailbox1CompleteCallback
                0x08001e58        0x2 CMakeFiles/STM32F405RGT6.elf.dir/Drivers/STM32F4xx_HAL_Driver/Src/stm32f4xx_hal_can.c.obj
                0x08001e58                HAL_CAN_TxMailbox1CompleteCallback
 .text.HAL_CAN_TxMailbox2CompleteCallback
                0x08001e5a        0x2 CMakeFiles/STM32F405RGT6.elf.dir/Drivers/STM32F4xx_HAL_Driver/Src/stm32f4xx_hal_can.c.obj
                0x08001e5a                HAL_CAN_TxMailbox2CompleteCallback
 .text.HAL_CAN_TxMailbox0AbortCallback
                0x08001e5c        0x2 CMakeFiles/STM32F405RGT6.elf.dir/Drivers/STM32F4xx_HAL_Driver/Src/stm32f4xx_hal_can.c.obj
                0x08001e5c                HAL_CAN_TxMailbox0AbortCallback
 .text.HAL_CAN_TxMailbox1AbortCallback
                0x08001e5e        0x2 CMakeFiles/STM32F405RGT6.elf.dir/Drivers/STM32F4xx_HAL_Driver/Src/stm32f4xx_hal_can.c.obj
                0x08001e5e                HAL_CAN_TxMailbox1AbortCallback
 .text.HAL_CAN_TxMailbox2AbortCallback
                0x08001e60        0x2 CMakeFiles/STM32F405RGT6.elf.dir/Drivers/STM32F4xx_HAL_Driver/Src/stm32f4xx_hal_can.c.obj
                0x08001e60                HAL_CAN_TxMailbox2AbortCallback
 .text.HAL_CAN_RxFifo0MsgPendingCallback
                0x08001e62        0x2 CMakeFiles/STM32F405RGT6.elf.dir/Drivers/STM32F4xx_HAL_Driver/Src/stm32f4xx_hal_can.c.obj
                0x08001e62                HAL_CAN_RxFifo0MsgPendingCallback
 .text.HAL_CAN_RxFifo0FullCallback
                0x08001e64        0x2 CMakeFiles/STM32F405RGT6.elf.dir/Drivers/STM32F4xx_HAL_Driver/Src/stm32f4xx_hal_can.c.obj
                0x08001e64                HAL_CAN_RxFifo0FullCallback
 .text.HAL_CAN_RxFifo1MsgPendingCallback
                0x08001e66        0x2 CMakeFiles/STM32F405RGT6.elf.dir/Drivers/STM32F4xx_HAL_Driver/Src/stm32f4xx_hal_can.c.obj
                0x08001e66                HAL_CAN_RxFifo1MsgPendingCallback
 .text.HAL_CAN_RxFifo1FullCallback
                0x08001e68        0x2 CMakeFiles/STM32F405RGT6.elf.dir/Drivers/STM32F4xx_HAL_Driver/Src/stm32f4xx_hal_can.c.obj
                0x08001e68                HAL_CAN_RxFifo1FullCallback
 .text.HAL_CAN_SleepCallback
                0x08001e6a        0x2 CMakeFiles/STM32F405RGT6.elf.dir/Drivers/STM32F4xx_HAL_Driver/Src/stm32f4xx_hal_can.c.obj
                0x08001e6a                HAL_CAN_SleepCallback
 .text.HAL_CAN_WakeUpFromRxMsgCallback
                0x08001e6c        0x2 CMakeFiles/STM32F405RGT6.elf.dir/Drivers/STM32F4xx_HAL_Driver/Src/stm32f4xx_hal_can.c.obj
                0x08001e6c                HAL_CAN_WakeUpFromRxMsgCallback
 .text.HAL_CAN_ErrorCallback
                0x08001e6e        0x2 CMakeFiles/STM32F405RGT6.elf.dir/Drivers/STM32F4xx_HAL_Driver/Src/stm32f4xx_hal_can.c.obj
                0x08001e6e                HAL_CAN_ErrorCallback
 .text.HAL_CAN_IRQHandler
                0x08001e70      0x24a CMakeFiles/STM32F405RGT6.elf.dir/Drivers/STM32F4xx_HAL_Driver/Src/stm32f4xx_hal_can.c.obj
                0x08001e70                HAL_CAN_IRQHandler
 *fill*         0x080020ba        0x2 
 .text.HAL_NVIC_SetPriorityGrouping
                0x080020bc       0x24 CMakeFiles/STM32F405RGT6.elf.dir/Drivers/STM32F4xx_HAL_Driver/Src/stm32f4xx_hal_cortex.c.obj
                0x080020bc                HAL_NVIC_SetPriorityGrouping
 .text.HAL_NVIC_SetPriority
                0x080020e0       0x68 CMakeFiles/STM32F405RGT6.elf.dir/Drivers/STM32F4xx_HAL_Driver/Src/stm32f4xx_hal_cortex.c.obj
                0x080020e0                HAL_NVIC_SetPriority
 .text.HAL_NVIC_EnableIRQ
                0x08002148       0x1c CMakeFiles/STM32F405RGT6.elf.dir/Drivers/STM32F4xx_HAL_Driver/Src/stm32f4xx_hal_cortex.c.obj
                0x08002148                HAL_NVIC_EnableIRQ
 .text.DMA_CalcBaseAndBitshift
                0x08002164       0x44 CMakeFiles/STM32F405RGT6.elf.dir/Drivers/STM32F4xx_HAL_Driver/Src/stm32f4xx_hal_dma.c.obj
 .text.DMA_CheckFifoParam
                0x080021a8       0x8e CMakeFiles/STM32F405RGT6.elf.dir/Drivers/STM32F4xx_HAL_Driver/Src/stm32f4xx_hal_dma.c.obj
 *fill*         0x08002236        0x2 
 .text.HAL_DMA_Init
                0x08002238       0xcc CMakeFiles/STM32F405RGT6.elf.dir/Drivers/STM32F4xx_HAL_Driver/Src/stm32f4xx_hal_dma.c.obj
                0x08002238                HAL_DMA_Init
 .text.HAL_DMA_Abort
                0x08002304       0x94 CMakeFiles/STM32F405RGT6.elf.dir/Drivers/STM32F4xx_HAL_Driver/Src/stm32f4xx_hal_dma.c.obj
                0x08002304                HAL_DMA_Abort
 .text.HAL_DMA_Abort_IT
                0x08002398       0x26 CMakeFiles/STM32F405RGT6.elf.dir/Drivers/STM32F4xx_HAL_Driver/Src/stm32f4xx_hal_dma.c.obj
                0x08002398                HAL_DMA_Abort_IT
 *fill*         0x080023be        0x2 
 .text.HAL_DMA_IRQHandler
                0x080023c0      0x1dc CMakeFiles/STM32F405RGT6.elf.dir/Drivers/STM32F4xx_HAL_Driver/Src/stm32f4xx_hal_dma.c.obj
                0x080023c0                HAL_DMA_IRQHandler
 .text.HAL_GPIO_Init
                0x0800259c      0x1d4 CMakeFiles/STM32F405RGT6.elf.dir/Drivers/STM32F4xx_HAL_Driver/Src/stm32f4xx_hal_gpio.c.obj
                0x0800259c                HAL_GPIO_Init
 .text.HAL_GPIO_WritePin
                0x08002770        0xc CMakeFiles/STM32F405RGT6.elf.dir/Drivers/STM32F4xx_HAL_Driver/Src/stm32f4xx_hal_gpio.c.obj
                0x08002770                HAL_GPIO_WritePin
 .text.HAL_I2C_Init
                0x0800277c      0x1bc CMakeFiles/STM32F405RGT6.elf.dir/Drivers/STM32F4xx_HAL_Driver/Src/stm32f4xx_hal_i2c.c.obj
                0x0800277c                HAL_I2C_Init
 .text.HAL_RCC_OscConfig
                0x08002938      0x3f8 CMakeFiles/STM32F405RGT6.elf.dir/Drivers/STM32F4xx_HAL_Driver/Src/stm32f4xx_hal_rcc.c.obj
                0x08002938                HAL_RCC_OscConfig
 .text.HAL_RCC_GetSysClockFreq
                0x08002d30       0xcc CMakeFiles/STM32F405RGT6.elf.dir/Drivers/STM32F4xx_HAL_Driver/Src/stm32f4xx_hal_rcc.c.obj
                0x08002d30                HAL_RCC_GetSysClockFreq
 .text.HAL_RCC_ClockConfig
                0x08002dfc      0x160 CMakeFiles/STM32F405RGT6.elf.dir/Drivers/STM32F4xx_HAL_Driver/Src/stm32f4xx_hal_rcc.c.obj
                0x08002dfc                HAL_RCC_ClockConfig
 .text.HAL_RCC_GetHCLKFreq
                0x08002f5c        0xc CMakeFiles/STM32F405RGT6.elf.dir/Drivers/STM32F4xx_HAL_Driver/Src/stm32f4xx_hal_rcc.c.obj
                0x08002f5c                HAL_RCC_GetHCLKFreq
 .text.HAL_RCC_GetPCLK1Freq
                0x08002f68       0x20 CMakeFiles/STM32F405RGT6.elf.dir/Drivers/STM32F4xx_HAL_Driver/Src/stm32f4xx_hal_rcc.c.obj
                0x08002f68                HAL_RCC_GetPCLK1Freq
 .text.HAL_RCC_GetPCLK2Freq
                0x08002f88       0x20 CMakeFiles/STM32F405RGT6.elf.dir/Drivers/STM32F4xx_HAL_Driver/Src/stm32f4xx_hal_rcc.c.obj
                0x08002f88                HAL_RCC_GetPCLK2Freq
 .text.HAL_RCC_GetClockConfig
                0x08002fa8       0x3c CMakeFiles/STM32F405RGT6.elf.dir/Drivers/STM32F4xx_HAL_Driver/Src/stm32f4xx_hal_rcc.c.obj
                0x08002fa8                HAL_RCC_GetClockConfig
 .text.HAL_SPI_Init
                0x08002fe4       0xbe CMakeFiles/STM32F405RGT6.elf.dir/Drivers/STM32F4xx_HAL_Driver/Src/stm32f4xx_hal_spi.c.obj
                0x08002fe4                HAL_SPI_Init
 .text.HAL_SPI_ErrorCallback
                0x080030a2        0x2 CMakeFiles/STM32F405RGT6.elf.dir/Drivers/STM32F4xx_HAL_Driver/Src/stm32f4xx_hal_spi.c.obj
                0x080030a2                HAL_SPI_ErrorCallback
 .text.HAL_SPI_IRQHandler
                0x080030a4      0x124 CMakeFiles/STM32F405RGT6.elf.dir/Drivers/STM32F4xx_HAL_Driver/Src/stm32f4xx_hal_spi.c.obj
                0x080030a4                HAL_SPI_IRQHandler
 .text.SPI_DMAAbortOnError
                0x080031c8       0x10 CMakeFiles/STM32F405RGT6.elf.dir/Drivers/STM32F4xx_HAL_Driver/Src/stm32f4xx_hal_spi.c.obj
 .text.HAL_TIM_Base_MspInit
                0x080031d8        0x2 CMakeFiles/STM32F405RGT6.elf.dir/Drivers/STM32F4xx_HAL_Driver/Src/stm32f4xx_hal_tim.c.obj
                0x080031d8                HAL_TIM_Base_MspInit
 *fill*         0x080031da        0x2 
 .text.HAL_TIM_Base_Start_IT
                0x080031dc       0x88 CMakeFiles/STM32F405RGT6.elf.dir/Drivers/STM32F4xx_HAL_Driver/Src/stm32f4xx_hal_tim.c.obj
                0x080031dc                HAL_TIM_Base_Start_IT
 .text.HAL_TIM_OC_DelayElapsedCallback
                0x08003264        0x2 CMakeFiles/STM32F405RGT6.elf.dir/Drivers/STM32F4xx_HAL_Driver/Src/stm32f4xx_hal_tim.c.obj
                0x08003264                HAL_TIM_OC_DelayElapsedCallback
 .text.HAL_TIM_IC_CaptureCallback
                0x08003266        0x2 CMakeFiles/STM32F405RGT6.elf.dir/Drivers/STM32F4xx_HAL_Driver/Src/stm32f4xx_hal_tim.c.obj
                0x08003266                HAL_TIM_IC_CaptureCallback
 .text.HAL_TIM_PWM_PulseFinishedCallback
                0x08003268        0x2 CMakeFiles/STM32F405RGT6.elf.dir/Drivers/STM32F4xx_HAL_Driver/Src/stm32f4xx_hal_tim.c.obj
                0x08003268                HAL_TIM_PWM_PulseFinishedCallback
 .text.HAL_TIM_TriggerCallback
                0x0800326a        0x2 CMakeFiles/STM32F405RGT6.elf.dir/Drivers/STM32F4xx_HAL_Driver/Src/stm32f4xx_hal_tim.c.obj
                0x0800326a                HAL_TIM_TriggerCallback
 .text.HAL_TIM_IRQHandler
                0x0800326c      0x15e CMakeFiles/STM32F405RGT6.elf.dir/Drivers/STM32F4xx_HAL_Driver/Src/stm32f4xx_hal_tim.c.obj
                0x0800326c                HAL_TIM_IRQHandler
 *fill*         0x080033ca        0x2 
 .text.TIM_Base_SetConfig
                0x080033cc       0xd8 CMakeFiles/STM32F405RGT6.elf.dir/Drivers/STM32F4xx_HAL_Driver/Src/stm32f4xx_hal_tim.c.obj
                0x080033cc                TIM_Base_SetConfig
 .text.HAL_TIM_Base_Init
                0x080034a4       0x58 CMakeFiles/STM32F405RGT6.elf.dir/Drivers/STM32F4xx_HAL_Driver/Src/stm32f4xx_hal_tim.c.obj
                0x080034a4                HAL_TIM_Base_Init
 .text.HAL_TIM_Encoder_Init
                0x080034fc       0xb0 CMakeFiles/STM32F405RGT6.elf.dir/Drivers/STM32F4xx_HAL_Driver/Src/stm32f4xx_hal_tim.c.obj
                0x080034fc                HAL_TIM_Encoder_Init
 .text.HAL_TIMEx_MasterConfigSynchronization
                0x080035ac       0x88 CMakeFiles/STM32F405RGT6.elf.dir/Drivers/STM32F4xx_HAL_Driver/Src/stm32f4xx_hal_tim_ex.c.obj
                0x080035ac                HAL_TIMEx_MasterConfigSynchronization
 .text.HAL_TIMEx_CommutCallback
                0x08003634        0x2 CMakeFiles/STM32F405RGT6.elf.dir/Drivers/STM32F4xx_HAL_Driver/Src/stm32f4xx_hal_tim_ex.c.obj
                0x08003634                HAL_TIMEx_CommutCallback
 .text.HAL_TIMEx_BreakCallback
                0x08003636        0x2 CMakeFiles/STM32F405RGT6.elf.dir/Drivers/STM32F4xx_HAL_Driver/Src/stm32f4xx_hal_tim_ex.c.obj
                0x08003636                HAL_TIMEx_BreakCallback
 .text.UART_EndRxTransfer
                0x08003638       0x5c CMakeFiles/STM32F405RGT6.elf.dir/Drivers/STM32F4xx_HAL_Driver/Src/stm32f4xx_hal_uart.c.obj
 .text.UART_Transmit_IT
                0x08003694       0x60 CMakeFiles/STM32F405RGT6.elf.dir/Drivers/STM32F4xx_HAL_Driver/Src/stm32f4xx_hal_uart.c.obj
 .text.UART_SetConfig
                0x080036f4      0x11c CMakeFiles/STM32F405RGT6.elf.dir/Drivers/STM32F4xx_HAL_Driver/Src/stm32f4xx_hal_uart.c.obj
 .text.HAL_UART_Init
                0x08003810       0x60 CMakeFiles/STM32F405RGT6.elf.dir/Drivers/STM32F4xx_HAL_Driver/Src/stm32f4xx_hal_uart.c.obj
                0x08003810                HAL_UART_Init
 .text.HAL_UART_TxCpltCallback
                0x08003870        0x2 CMakeFiles/STM32F405RGT6.elf.dir/Drivers/STM32F4xx_HAL_Driver/Src/stm32f4xx_hal_uart.c.obj
                0x08003870                HAL_UART_TxCpltCallback
 .text.UART_EndTransmit_IT
                0x08003872       0x1a CMakeFiles/STM32F405RGT6.elf.dir/Drivers/STM32F4xx_HAL_Driver/Src/stm32f4xx_hal_uart.c.obj
 .text.HAL_UART_RxCpltCallback
                0x0800388c        0x2 CMakeFiles/STM32F405RGT6.elf.dir/Drivers/STM32F4xx_HAL_Driver/Src/stm32f4xx_hal_uart.c.obj
                0x0800388c                HAL_UART_RxCpltCallback
 .text.HAL_UART_ErrorCallback
                0x0800388e        0x2 CMakeFiles/STM32F405RGT6.elf.dir/Drivers/STM32F4xx_HAL_Driver/Src/stm32f4xx_hal_uart.c.obj
                0x0800388e                HAL_UART_ErrorCallback
 .text.UART_DMAAbortOnError
                0x08003890       0x10 CMakeFiles/STM32F405RGT6.elf.dir/Drivers/STM32F4xx_HAL_Driver/Src/stm32f4xx_hal_uart.c.obj
 .text.HAL_UARTEx_RxEventCallback
                0x080038a0        0x2 CMakeFiles/STM32F405RGT6.elf.dir/Drivers/STM32F4xx_HAL_Driver/Src/stm32f4xx_hal_uart.c.obj
                0x080038a0                HAL_UARTEx_RxEventCallback
 .text.UART_Receive_IT
                0x080038a2       0xe6 CMakeFiles/STM32F405RGT6.elf.dir/Drivers/STM32F4xx_HAL_Driver/Src/stm32f4xx_hal_uart.c.obj
 .text.HAL_UART_IRQHandler
                0x08003988      0x288 CMakeFiles/STM32F405RGT6.elf.dir/Drivers/STM32F4xx_HAL_Driver/Src/stm32f4xx_hal_uart.c.obj
                0x08003988                HAL_UART_IRQHandler
 .text.SysTick_Handler
                0x08003c10       0x1c CMakeFiles/STM32F405RGT6.elf.dir/Middlewares/Third_Party/FreeRTOS/Source/CMSIS_RTOS_V2/cmsis_os2.c.obj
                0x08003c10                SysTick_Handler
 .text.osKernelInitialize
                0x08003c2c       0x24 CMakeFiles/STM32F405RGT6.elf.dir/Middlewares/Third_Party/FreeRTOS/Source/CMSIS_RTOS_V2/cmsis_os2.c.obj
                0x08003c2c                osKernelInitialize
 .text.osKernelStart
                0x08003c50       0x38 CMakeFiles/STM32F405RGT6.elf.dir/Middlewares/Third_Party/FreeRTOS/Source/CMSIS_RTOS_V2/cmsis_os2.c.obj
                0x08003c50                osKernelStart
 .text.osThreadNew
                0x08003c88       0xbe CMakeFiles/STM32F405RGT6.elf.dir/Middlewares/Third_Party/FreeRTOS/Source/CMSIS_RTOS_V2/cmsis_os2.c.obj
                0x08003c88                osThreadNew
 .text.osDelay  0x08003d46       0x1c CMakeFiles/STM32F405RGT6.elf.dir/Middlewares/Third_Party/FreeRTOS/Source/CMSIS_RTOS_V2/cmsis_os2.c.obj
                0x08003d46                osDelay
 *fill*         0x08003d62        0x2 
 .text.vApplicationGetIdleTaskMemory
                0x08003d64       0x18 CMakeFiles/STM32F405RGT6.elf.dir/Middlewares/Third_Party/FreeRTOS/Source/CMSIS_RTOS_V2/cmsis_os2.c.obj
                0x08003d64                vApplicationGetIdleTaskMemory
 .text.vApplicationGetTimerTaskMemory
                0x08003d7c       0x18 CMakeFiles/STM32F405RGT6.elf.dir/Middlewares/Third_Party/FreeRTOS/Source/CMSIS_RTOS_V2/cmsis_os2.c.obj
                0x08003d7c                vApplicationGetTimerTaskMemory
 .text.vListInitialise
                0x08003d94       0x16 CMakeFiles/STM32F405RGT6.elf.dir/Middlewares/Third_Party/FreeRTOS/Source/list.c.obj
                0x08003d94                vListInitialise
 .text.vListInitialiseItem
                0x08003daa        0x6 CMakeFiles/STM32F405RGT6.elf.dir/Middlewares/Third_Party/FreeRTOS/Source/list.c.obj
                0x08003daa                vListInitialiseItem
 .text.vListInsertEnd
                0x08003db0       0x16 CMakeFiles/STM32F405RGT6.elf.dir/Middlewares/Third_Party/FreeRTOS/Source/list.c.obj
                0x08003db0                vListInsertEnd
 .text.vListInsert
                0x08003dc6       0x32 CMakeFiles/STM32F405RGT6.elf.dir/Middlewares/Third_Party/FreeRTOS/Source/list.c.obj
                0x08003dc6                vListInsert
 .text.uxListRemove
                0x08003df8       0x26 CMakeFiles/STM32F405RGT6.elf.dir/Middlewares/Third_Party/FreeRTOS/Source/list.c.obj
                0x08003df8                uxListRemove
 *fill*         0x08003e1e        0x2 
 .text.prvTaskExitError
                0x08003e20       0x40 CMakeFiles/STM32F405RGT6.elf.dir/Middlewares/Third_Party/FreeRTOS/Source/portable/GCC/ARM_CM4F/port.c.obj
 .text.prvPortStartFirstTask
                0x08003e60       0x28 CMakeFiles/STM32F405RGT6.elf.dir/Middlewares/Third_Party/FreeRTOS/Source/portable/GCC/ARM_CM4F/port.c.obj
 .text.vPortEnableVFP
                0x08003e88       0x14 CMakeFiles/STM32F405RGT6.elf.dir/Middlewares/Third_Party/FreeRTOS/Source/portable/GCC/ARM_CM4F/port.c.obj
 .text.pxPortInitialiseStack
                0x08003e9c       0x2c CMakeFiles/STM32F405RGT6.elf.dir/Middlewares/Third_Party/FreeRTOS/Source/portable/GCC/ARM_CM4F/port.c.obj
                0x08003e9c                pxPortInitialiseStack
 *fill*         0x08003ec8        0x8 
 .text.SVC_Handler
                0x08003ed0       0x24 CMakeFiles/STM32F405RGT6.elf.dir/Middlewares/Third_Party/FreeRTOS/Source/portable/GCC/ARM_CM4F/port.c.obj
                0x08003ed0                SVC_Handler
 .text.vPortEnterCritical
                0x08003ef4       0x44 CMakeFiles/STM32F405RGT6.elf.dir/Middlewares/Third_Party/FreeRTOS/Source/portable/GCC/ARM_CM4F/port.c.obj
                0x08003ef4                vPortEnterCritical
 .text.vPortExitCritical
                0x08003f38       0x2c CMakeFiles/STM32F405RGT6.elf.dir/Middlewares/Third_Party/FreeRTOS/Source/portable/GCC/ARM_CM4F/port.c.obj
                0x08003f38                vPortExitCritical
 *fill*         0x08003f64        0xc 
 .text.PendSV_Handler
                0x08003f70       0x64 CMakeFiles/STM32F405RGT6.elf.dir/Middlewares/Third_Party/FreeRTOS/Source/portable/GCC/ARM_CM4F/port.c.obj
                0x08003f70                PendSV_Handler
 .text.xPortSysTickHandler
                0x08003fd4       0x2c CMakeFiles/STM32F405RGT6.elf.dir/Middlewares/Third_Party/FreeRTOS/Source/portable/GCC/ARM_CM4F/port.c.obj
                0x08003fd4                xPortSysTickHandler
 .text.vPortSetupTimerInterrupt
                0x08004000       0x38 CMakeFiles/STM32F405RGT6.elf.dir/Middlewares/Third_Party/FreeRTOS/Source/portable/GCC/ARM_CM4F/port.c.obj
                0x08004000                vPortSetupTimerInterrupt
 .text.xPortStartScheduler
                0x08004038      0x110 CMakeFiles/STM32F405RGT6.elf.dir/Middlewares/Third_Party/FreeRTOS/Source/portable/GCC/ARM_CM4F/port.c.obj
                0x08004038                xPortStartScheduler
 .text.vPortValidateInterruptPriority
                0x08004148       0x5c CMakeFiles/STM32F405RGT6.elf.dir/Middlewares/Third_Party/FreeRTOS/Source/portable/GCC/ARM_CM4F/port.c.obj
                0x08004148                vPortValidateInterruptPriority
 .text.prvHeapInit
                0x080041a4       0x64 CMakeFiles/STM32F405RGT6.elf.dir/Middlewares/Third_Party/FreeRTOS/Source/portable/MemMang/heap_4.c.obj
 .text.prvInsertBlockIntoFreeList
                0x08004208       0x58 CMakeFiles/STM32F405RGT6.elf.dir/Middlewares/Third_Party/FreeRTOS/Source/portable/MemMang/heap_4.c.obj
 .text.pvPortMalloc
                0x08004260       0xfc CMakeFiles/STM32F405RGT6.elf.dir/Middlewares/Third_Party/FreeRTOS/Source/portable/MemMang/heap_4.c.obj
                0x08004260                pvPortMalloc
 .text.vPortFree
                0x0800435c       0x7c CMakeFiles/STM32F405RGT6.elf.dir/Middlewares/Third_Party/FreeRTOS/Source/portable/MemMang/heap_4.c.obj
                0x0800435c                vPortFree
 .text.prvIsQueueFull
                0x080043d8       0x1e CMakeFiles/STM32F405RGT6.elf.dir/Middlewares/Third_Party/FreeRTOS/Source/queue.c.obj
 .text.prvIsQueueEmpty
                0x080043f6       0x1a CMakeFiles/STM32F405RGT6.elf.dir/Middlewares/Third_Party/FreeRTOS/Source/queue.c.obj
 .text.prvCopyDataToQueue
                0x08004410       0x76 CMakeFiles/STM32F405RGT6.elf.dir/Middlewares/Third_Party/FreeRTOS/Source/queue.c.obj
 .text.prvCopyDataFromQueue
                0x08004486       0x24 CMakeFiles/STM32F405RGT6.elf.dir/Middlewares/Third_Party/FreeRTOS/Source/queue.c.obj
 .text.prvUnlockQueue
                0x080044aa       0x6e CMakeFiles/STM32F405RGT6.elf.dir/Middlewares/Third_Party/FreeRTOS/Source/queue.c.obj
 .text.xQueueGenericReset
                0x08004518       0x84 CMakeFiles/STM32F405RGT6.elf.dir/Middlewares/Third_Party/FreeRTOS/Source/queue.c.obj
                0x08004518                xQueueGenericReset
 .text.prvInitialiseNewQueue
                0x0800459c       0x22 CMakeFiles/STM32F405RGT6.elf.dir/Middlewares/Third_Party/FreeRTOS/Source/queue.c.obj
 .text.xQueueGenericCreateStatic
                0x080045be       0x94 CMakeFiles/STM32F405RGT6.elf.dir/Middlewares/Third_Party/FreeRTOS/Source/queue.c.obj
                0x080045be                xQueueGenericCreateStatic
 *fill*         0x08004652        0x2 
 .text.xQueueGenericSend
                0x08004654      0x180 CMakeFiles/STM32F405RGT6.elf.dir/Middlewares/Third_Party/FreeRTOS/Source/queue.c.obj
                0x08004654                xQueueGenericSend
 .text.xQueueGenericSendFromISR
                0x080047d4       0xd0 CMakeFiles/STM32F405RGT6.elf.dir/Middlewares/Third_Party/FreeRTOS/Source/queue.c.obj
                0x080047d4                xQueueGenericSendFromISR
 .text.xQueueReceive
                0x080048a4      0x15c CMakeFiles/STM32F405RGT6.elf.dir/Middlewares/Third_Party/FreeRTOS/Source/queue.c.obj
                0x080048a4                xQueueReceive
 .text.vQueueAddToRegistry
                0x08004a00       0x28 CMakeFiles/STM32F405RGT6.elf.dir/Middlewares/Third_Party/FreeRTOS/Source/queue.c.obj
                0x08004a00                vQueueAddToRegistry
 .text.vQueueWaitForMessageRestricted
                0x08004a28       0x52 CMakeFiles/STM32F405RGT6.elf.dir/Middlewares/Third_Party/FreeRTOS/Source/queue.c.obj
                0x08004a28                vQueueWaitForMessageRestricted
 *fill*         0x08004a7a        0x2 
 .text.prvResetNextTaskUnblockTime
                0x08004a7c       0x2c CMakeFiles/STM32F405RGT6.elf.dir/Middlewares/Third_Party/FreeRTOS/Source/tasks.c.obj
 .text.prvInitialiseNewTask
                0x08004aa8       0xfa CMakeFiles/STM32F405RGT6.elf.dir/Middlewares/Third_Party/FreeRTOS/Source/tasks.c.obj
 *fill*         0x08004ba2        0x2 
 .text.prvInitialiseTaskLists
                0x08004ba4       0x68 CMakeFiles/STM32F405RGT6.elf.dir/Middlewares/Third_Party/FreeRTOS/Source/tasks.c.obj
 .text.prvAddNewTaskToReadyList
                0x08004c0c       0xac CMakeFiles/STM32F405RGT6.elf.dir/Middlewares/Third_Party/FreeRTOS/Source/tasks.c.obj
 .text.prvDeleteTCB
                0x08004cb8       0x40 CMakeFiles/STM32F405RGT6.elf.dir/Middlewares/Third_Party/FreeRTOS/Source/tasks.c.obj
 .text.prvCheckTasksWaitingTermination
                0x08004cf8       0x4c CMakeFiles/STM32F405RGT6.elf.dir/Middlewares/Third_Party/FreeRTOS/Source/tasks.c.obj
 .text.prvIdleTask
                0x08004d44       0x28 CMakeFiles/STM32F405RGT6.elf.dir/Middlewares/Third_Party/FreeRTOS/Source/tasks.c.obj
 .text.prvAddCurrentTaskToDelayedList
                0x08004d6c       0x7c CMakeFiles/STM32F405RGT6.elf.dir/Middlewares/Third_Party/FreeRTOS/Source/tasks.c.obj
 .text.xTaskCreateStatic
                0x08004de8       0x78 CMakeFiles/STM32F405RGT6.elf.dir/Middlewares/Third_Party/FreeRTOS/Source/tasks.c.obj
                0x08004de8                xTaskCreateStatic
 .text.xTaskCreate
                0x08004e60       0x6a CMakeFiles/STM32F405RGT6.elf.dir/Middlewares/Third_Party/FreeRTOS/Source/tasks.c.obj
                0x08004e60                xTaskCreate
 *fill*         0x08004eca        0x2 
 .text.vTaskStartScheduler
                0x08004ecc       0xa8 CMakeFiles/STM32F405RGT6.elf.dir/Middlewares/Third_Party/FreeRTOS/Source/tasks.c.obj
                0x08004ecc                vTaskStartScheduler
 .text.vTaskSuspendAll
                0x08004f74       0x10 CMakeFiles/STM32F405RGT6.elf.dir/Middlewares/Third_Party/FreeRTOS/Source/tasks.c.obj
                0x08004f74                vTaskSuspendAll
 .text.xTaskGetTickCount
                0x08004f84        0xc CMakeFiles/STM32F405RGT6.elf.dir/Middlewares/Third_Party/FreeRTOS/Source/tasks.c.obj
                0x08004f84                xTaskGetTickCount
 .text.xTaskIncrementTick
                0x08004f90      0x11c CMakeFiles/STM32F405RGT6.elf.dir/Middlewares/Third_Party/FreeRTOS/Source/tasks.c.obj
                0x08004f90                xTaskIncrementTick
 .text.xTaskResumeAll
                0x080050ac       0xf8 CMakeFiles/STM32F405RGT6.elf.dir/Middlewares/Third_Party/FreeRTOS/Source/tasks.c.obj
                0x080050ac                xTaskResumeAll
 .text.vTaskDelay
                0x080051a4       0x4c CMakeFiles/STM32F405RGT6.elf.dir/Middlewares/Third_Party/FreeRTOS/Source/tasks.c.obj
                0x080051a4                vTaskDelay
 .text.vTaskSwitchContext
                0x080051f0       0xa4 CMakeFiles/STM32F405RGT6.elf.dir/Middlewares/Third_Party/FreeRTOS/Source/tasks.c.obj
                0x080051f0                vTaskSwitchContext
 .text.vTaskPlaceOnEventList
                0x08005294       0x30 CMakeFiles/STM32F405RGT6.elf.dir/Middlewares/Third_Party/FreeRTOS/Source/tasks.c.obj
                0x08005294                vTaskPlaceOnEventList
 .text.vTaskPlaceOnEventListRestricted
                0x080052c4       0x38 CMakeFiles/STM32F405RGT6.elf.dir/Middlewares/Third_Party/FreeRTOS/Source/tasks.c.obj
                0x080052c4                vTaskPlaceOnEventListRestricted
 .text.xTaskRemoveFromEventList
                0x080052fc       0x8c CMakeFiles/STM32F405RGT6.elf.dir/Middlewares/Third_Party/FreeRTOS/Source/tasks.c.obj
                0x080052fc                xTaskRemoveFromEventList
 .text.vTaskInternalSetTimeOutState
                0x08005388       0x18 CMakeFiles/STM32F405RGT6.elf.dir/Middlewares/Third_Party/FreeRTOS/Source/tasks.c.obj
                0x08005388                vTaskInternalSetTimeOutState
 .text.xTaskCheckForTimeOut
                0x080053a0       0x84 CMakeFiles/STM32F405RGT6.elf.dir/Middlewares/Third_Party/FreeRTOS/Source/tasks.c.obj
                0x080053a0                xTaskCheckForTimeOut
 .text.vTaskMissedYield
                0x08005424        0xc CMakeFiles/STM32F405RGT6.elf.dir/Middlewares/Third_Party/FreeRTOS/Source/tasks.c.obj
                0x08005424                vTaskMissedYield
 .text.xTaskGetSchedulerState
                0x08005430       0x20 CMakeFiles/STM32F405RGT6.elf.dir/Middlewares/Third_Party/FreeRTOS/Source/tasks.c.obj
                0x08005430                xTaskGetSchedulerState
 .text.xTaskPriorityDisinherit
                0x08005450       0x90 CMakeFiles/STM32F405RGT6.elf.dir/Middlewares/Third_Party/FreeRTOS/Source/tasks.c.obj
                0x08005450                xTaskPriorityDisinherit
 .text.prvGetNextExpireTime
                0x080054e0       0x20 CMakeFiles/STM32F405RGT6.elf.dir/Middlewares/Third_Party/FreeRTOS/Source/timers.c.obj
 .text.prvInsertTimerInActiveList
                0x08005500       0x48 CMakeFiles/STM32F405RGT6.elf.dir/Middlewares/Third_Party/FreeRTOS/Source/timers.c.obj
 .text.prvCheckForValidListAndQueue
                0x08005548       0x70 CMakeFiles/STM32F405RGT6.elf.dir/Middlewares/Third_Party/FreeRTOS/Source/timers.c.obj
 .text.xTimerCreateTimerTask
                0x080055b8       0x64 CMakeFiles/STM32F405RGT6.elf.dir/Middlewares/Third_Party/FreeRTOS/Source/timers.c.obj
                0x080055b8                xTimerCreateTimerTask
 .text.xTimerGenericCommand
                0x0800561c       0x6c CMakeFiles/STM32F405RGT6.elf.dir/Middlewares/Third_Party/FreeRTOS/Source/timers.c.obj
                0x0800561c                xTimerGenericCommand
 .text.prvSwitchTimerLists
                0x08005688       0x7c CMakeFiles/STM32F405RGT6.elf.dir/Middlewares/Third_Party/FreeRTOS/Source/timers.c.obj
 .text.prvSampleTimeNow
                0x08005704       0x2c CMakeFiles/STM32F405RGT6.elf.dir/Middlewares/Third_Party/FreeRTOS/Source/timers.c.obj
 .text.prvProcessExpiredTimer
                0x08005730       0x6c CMakeFiles/STM32F405RGT6.elf.dir/Middlewares/Third_Party/FreeRTOS/Source/timers.c.obj
 .text.prvProcessTimerOrBlockTask
                0x0800579c       0x74 CMakeFiles/STM32F405RGT6.elf.dir/Middlewares/Third_Party/FreeRTOS/Source/timers.c.obj
 .text.prvProcessReceivedCommands
                0x08005810      0x10c CMakeFiles/STM32F405RGT6.elf.dir/Middlewares/Third_Party/FreeRTOS/Source/timers.c.obj
 .text.prvTimerTask
                0x0800591c       0x16 CMakeFiles/STM32F405RGT6.elf.dir/Middlewares/Third_Party/FreeRTOS/Source/timers.c.obj
 *fill*         0x08005932        0x2 
 .text.__errno  0x08005934        0xc d:/place_for_installation/gcc_arm_none_eabi/gcc-arm-none-eabi-9-2019-q4-major-win32/bin/../lib/gcc/arm-none-eabi/9.2.1/../../../../arm-none-eabi/lib/thumb/v7e-m+fp/hard\libg.a(lib_a-errno.o)
                0x08005934                __errno
 .text.__libc_init_array
                0x08005940       0x48 d:/place_for_installation/gcc_arm_none_eabi/gcc-arm-none-eabi-9-2019-q4-major-win32/bin/../lib/gcc/arm-none-eabi/9.2.1/../../../../arm-none-eabi/lib/thumb/v7e-m+fp/hard\libg.a(lib_a-init.o)
                0x08005940                __libc_init_array
 .text.memset   0x08005988       0xa0 d:/place_for_installation/gcc_arm_none_eabi/gcc-arm-none-eabi-9-2019-q4-major-win32/bin/../lib/gcc/arm-none-eabi/9.2.1/../../../../arm-none-eabi/lib/thumb/v7e-m+fp/hard\libg.a(lib_a-memset.o)
                0x08005988                memset
 .text.cleanup_glue
                0x08005a28       0x1c d:/place_for_installation/gcc_arm_none_eabi/gcc-arm-none-eabi-9-2019-q4-major-win32/bin/../lib/gcc/arm-none-eabi/9.2.1/../../../../arm-none-eabi/lib/thumb/v7e-m+fp/hard\libg.a(lib_a-reent.o)
                0x08005a28                cleanup_glue
 .text._reclaim_reent
                0x08005a44       0x84 d:/place_for_installation/gcc_arm_none_eabi/gcc-arm-none-eabi-9-2019-q4-major-win32/bin/../lib/gcc/arm-none-eabi/9.2.1/../../../../arm-none-eabi/lib/thumb/v7e-m+fp/hard\libg.a(lib_a-reent.o)
                0x08005a44                _reclaim_reent
 .text.startup.register_fini
                0x08005ac8       0x14 d:/place_for_installation/gcc_arm_none_eabi/gcc-arm-none-eabi-9-2019-q4-major-win32/bin/../lib/gcc/arm-none-eabi/9.2.1/../../../../arm-none-eabi/lib/thumb/v7e-m+fp/hard\libg.a(lib_a-__call_atexit.o)
 .text.atexit   0x08005adc        0xc d:/place_for_installation/gcc_arm_none_eabi/gcc-arm-none-eabi-9-2019-q4-major-win32/bin/../lib/gcc/arm-none-eabi/9.2.1/../../../../arm-none-eabi/lib/thumb/v7e-m+fp/hard\libg.a(lib_a-atexit.o)
                0x08005adc                atexit
 .text.__libc_fini_array
                0x08005ae8       0x2c d:/place_for_installation/gcc_arm_none_eabi/gcc-arm-none-eabi-9-2019-q4-major-win32/bin/../lib/gcc/arm-none-eabi/9.2.1/../../../../arm-none-eabi/lib/thumb/v7e-m+fp/hard\libg.a(lib_a-fini.o)
                0x08005ae8                __libc_fini_array
 .text._malloc_trim_r
                0x08005b14       0xa0 d:/place_for_installation/gcc_arm_none_eabi/gcc-arm-none-eabi-9-2019-q4-major-win32/bin/../lib/gcc/arm-none-eabi/9.2.1/../../../../arm-none-eabi/lib/thumb/v7e-m+fp/hard\libg.a(lib_a-freer.o)
                0x08005b14                _malloc_trim_r
 .text._free_r  0x08005bb4      0x208 d:/place_for_installation/gcc_arm_none_eabi/gcc-arm-none-eabi-9-2019-q4-major-win32/bin/../lib/gcc/arm-none-eabi/9.2.1/../../../../arm-none-eabi/lib/thumb/v7e-m+fp/hard\libg.a(lib_a-freer.o)
                0x08005bb4                _free_r
 .text.__retarget_lock_acquire_recursive
                0x08005dbc        0x4 d:/place_for_installation/gcc_arm_none_eabi/gcc-arm-none-eabi-9-2019-q4-major-win32/bin/../lib/gcc/arm-none-eabi/9.2.1/../../../../arm-none-eabi/lib/thumb/v7e-m+fp/hard\libg.a(lib_a-lock.o)
                0x08005dbc                __retarget_lock_acquire_recursive
 .text.__retarget_lock_release_recursive
                0x08005dc0        0x4 d:/place_for_installation/gcc_arm_none_eabi/gcc-arm-none-eabi-9-2019-q4-major-win32/bin/../lib/gcc/arm-none-eabi/9.2.1/../../../../arm-none-eabi/lib/thumb/v7e-m+fp/hard\libg.a(lib_a-lock.o)
                0x08005dc0                __retarget_lock_release_recursive
 .text.__malloc_lock
                0x08005dc4        0xc d:/place_for_installation/gcc_arm_none_eabi/gcc-arm-none-eabi-9-2019-q4-major-win32/bin/../lib/gcc/arm-none-eabi/9.2.1/../../../../arm-none-eabi/lib/thumb/v7e-m+fp/hard\libg.a(lib_a-mlock.o)
                0x08005dc4                __malloc_lock
 .text.__malloc_unlock
                0x08005dd0        0xc d:/place_for_installation/gcc_arm_none_eabi/gcc-arm-none-eabi-9-2019-q4-major-win32/bin/../lib/gcc/arm-none-eabi/9.2.1/../../../../arm-none-eabi/lib/thumb/v7e-m+fp/hard\libg.a(lib_a-mlock.o)
                0x08005dd0                __malloc_unlock
 .text._sbrk_r  0x08005ddc       0x24 d:/place_for_installation/gcc_arm_none_eabi/gcc-arm-none-eabi-9-2019-q4-major-win32/bin/../lib/gcc/arm-none-eabi/9.2.1/../../../../arm-none-eabi/lib/thumb/v7e-m+fp/hard\libg.a(lib_a-sbrkr.o)
                0x08005ddc                _sbrk_r
 .text.__register_exitproc
                0x08005e00       0x8c d:/place_for_installation/gcc_arm_none_eabi/gcc-arm-none-eabi-9-2019-q4-major-win32/bin/../lib/gcc/arm-none-eabi/9.2.1/../../../../arm-none-eabi/lib/thumb/v7e-m+fp/hard\libg.a(lib_a-__atexit.o)
                0x08005e00                __register_exitproc
 *(.glue_7)
 .glue_7        0x08005e8c        0x0 linker stubs
 *(.glue_7t)
 .glue_7t       0x08005e8c        0x0 linker stubs
 *(.eh_frame)
 .eh_frame      0x08005e8c        0x0 d:/place_for_installation/gcc_arm_none_eabi/gcc-arm-none-eabi-9-2019-q4-major-win32/bin/../lib/gcc/arm-none-eabi/9.2.1/thumb/v7e-m+fp/hard/crtbegin.o
 *(.init)
 .init          0x08005e8c        0x4 d:/place_for_installation/gcc_arm_none_eabi/gcc-arm-none-eabi-9-2019-q4-major-win32/bin/../lib/gcc/arm-none-eabi/9.2.1/thumb/v7e-m+fp/hard/crti.o
                0x08005e8c                _init
 .init          0x08005e90        0x8 d:/place_for_installation/gcc_arm_none_eabi/gcc-arm-none-eabi-9-2019-q4-major-win32/bin/../lib/gcc/arm-none-eabi/9.2.1/thumb/v7e-m+fp/hard/crtn.o
 *(.fini)
 .fini          0x08005e98        0x4 d:/place_for_installation/gcc_arm_none_eabi/gcc-arm-none-eabi-9-2019-q4-major-win32/bin/../lib/gcc/arm-none-eabi/9.2.1/thumb/v7e-m+fp/hard/crti.o
                0x08005e98                _fini
 .fini          0x08005e9c        0x8 d:/place_for_installation/gcc_arm_none_eabi/gcc-arm-none-eabi-9-2019-q4-major-win32/bin/../lib/gcc/arm-none-eabi/9.2.1/thumb/v7e-m+fp/hard/crtn.o
                0x08005ea4                . = ALIGN (0x4)
                0x08005ea4                _etext = .

.vfp11_veneer   0x08005ea4        0x0
 .vfp11_veneer  0x08005ea4        0x0 linker stubs

.v4_bx          0x08005ea4        0x0
 .v4_bx         0x08005ea4        0x0 linker stubs

.iplt           0x08005ea4        0x0
 .iplt          0x08005ea4        0x0 d:/place_for_installation/gcc_arm_none_eabi/gcc-arm-none-eabi-9-2019-q4-major-win32/bin/../lib/gcc/arm-none-eabi/9.2.1/thumb/v7e-m+fp/hard/crtbegin.o

.rodata         0x08005ea4       0x6c
                0x08005ea4                . = ALIGN (0x4)
 *(.rodata)
 *(.rodata*)
 .rodata.str1.4
                0x08005ea4        0xc CMakeFiles/STM32F405RGT6.elf.dir/Core/Src/freertos.c.obj
 .rodata.defaultTask_attributes
                0x08005eb0       0x24 CMakeFiles/STM32F405RGT6.elf.dir/Core/Src/freertos.c.obj
                0x08005eb0                defaultTask_attributes
 .rodata.AHBPrescTable
                0x08005ed4       0x10 CMakeFiles/STM32F405RGT6.elf.dir/Core/Src/system_stm32f4xx.c.obj
                0x08005ed4                AHBPrescTable
 .rodata.APBPrescTable
                0x08005ee4        0x8 CMakeFiles/STM32F405RGT6.elf.dir/Core/Src/system_stm32f4xx.c.obj
                0x08005ee4                APBPrescTable
 .rodata.flagBitshiftOffset.9310
                0x08005eec        0x8 CMakeFiles/STM32F405RGT6.elf.dir/Drivers/STM32F4xx_HAL_Driver/Src/stm32f4xx_hal_dma.c.obj
 .rodata.vTaskStartScheduler.str1.4
                0x08005ef4        0x5 CMakeFiles/STM32F405RGT6.elf.dir/Middlewares/Third_Party/FreeRTOS/Source/tasks.c.obj
 *fill*         0x08005ef9        0x3 
 .rodata.prvCheckForValidListAndQueue.str1.4
                0x08005efc        0x5 CMakeFiles/STM32F405RGT6.elf.dir/Middlewares/Third_Party/FreeRTOS/Source/timers.c.obj
 *fill*         0x08005f01        0x3 
 .rodata.xTimerCreateTimerTask.str1.4
                0x08005f04        0x8 CMakeFiles/STM32F405RGT6.elf.dir/Middlewares/Third_Party/FreeRTOS/Source/timers.c.obj
 .rodata._global_impure_ptr
                0x08005f0c        0x4 d:/place_for_installation/gcc_arm_none_eabi/gcc-arm-none-eabi-9-2019-q4-major-win32/bin/../lib/gcc/arm-none-eabi/9.2.1/../../../../arm-none-eabi/lib/thumb/v7e-m+fp/hard\libg.a(lib_a-impure.o)
                0x08005f0c                _global_impure_ptr
                0x08005f10                . = ALIGN (0x4)

.ARM.extab      0x08005f10        0x0
                0x08005f10                . = ALIGN (0x4)
 *(.ARM.extab* .gnu.linkonce.armextab.*)
                0x08005f10                . = ALIGN (0x4)

.ARM            0x08005f10        0x8
                0x08005f10                . = ALIGN (0x4)
                0x08005f10                __exidx_start = .
 *(.ARM.exidx*)
 .ARM.exidx     0x08005f10        0x8 d:/place_for_installation/gcc_arm_none_eabi/gcc-arm-none-eabi-9-2019-q4-major-win32/bin/../lib/gcc/arm-none-eabi/9.2.1/thumb/v7e-m+fp/hard\libgcc.a(_udivmoddi4.o)
                0x08005f18                __exidx_end = .
                0x08005f18                . = ALIGN (0x4)

.rel.dyn        0x08005f18        0x0
 .rel.iplt      0x08005f18        0x0 d:/place_for_installation/gcc_arm_none_eabi/gcc-arm-none-eabi-9-2019-q4-major-win32/bin/../lib/gcc/arm-none-eabi/9.2.1/thumb/v7e-m+fp/hard/crtbegin.o

.preinit_array  0x08005f18        0x0
                0x08005f18                . = ALIGN (0x4)
                0x08005f18                PROVIDE (__preinit_array_start = .)
 *(.preinit_array*)
                0x08005f18                PROVIDE (__preinit_array_end = .)
                0x08005f18                . = ALIGN (0x4)

.init_array     0x08005f18        0x8
                0x08005f18                . = ALIGN (0x4)
                0x08005f18                PROVIDE (__init_array_start = .)
 *(SORT_BY_NAME(.init_array.*))
 .init_array.00000
                0x08005f18        0x4 d:/place_for_installation/gcc_arm_none_eabi/gcc-arm-none-eabi-9-2019-q4-major-win32/bin/../lib/gcc/arm-none-eabi/9.2.1/../../../../arm-none-eabi/lib/thumb/v7e-m+fp/hard\libg.a(lib_a-__call_atexit.o)
 *(.init_array*)
 .init_array    0x08005f1c        0x4 d:/place_for_installation/gcc_arm_none_eabi/gcc-arm-none-eabi-9-2019-q4-major-win32/bin/../lib/gcc/arm-none-eabi/9.2.1/thumb/v7e-m+fp/hard/crtbegin.o
                0x08005f20                PROVIDE (__init_array_end = .)
                0x08005f20                . = ALIGN (0x4)

.fini_array     0x08005f20        0x4
                0x08005f20                . = ALIGN (0x4)
                0x08005f20                PROVIDE (__fini_array_start = .)
 *(SORT_BY_NAME(.fini_array.*))
 *(.fini_array*)
 .fini_array    0x08005f20        0x4 d:/place_for_installation/gcc_arm_none_eabi/gcc-arm-none-eabi-9-2019-q4-major-win32/bin/../lib/gcc/arm-none-eabi/9.2.1/thumb/v7e-m+fp/hard/crtbegin.o
                0x08005f24                PROVIDE (__fini_array_end = .)
                0x08005f24                . = ALIGN (0x4)
                0x08005f24                _sidata = LOADADDR (.data)

.data           0x20000000      0x854 load address 0x08005f24
                0x20000000                . = ALIGN (0x4)
                0x20000000                _sdata = .
 *(.data)
 *(.data*)
 .data.SystemCoreClock
                0x20000000        0x4 CMakeFiles/STM32F405RGT6.elf.dir/Core/Src/system_stm32f4xx.c.obj
                0x20000000                SystemCoreClock
 .data.uwTickFreq
                0x20000004        0x1 CMakeFiles/STM32F405RGT6.elf.dir/Drivers/STM32F4xx_HAL_Driver/Src/stm32f4xx_hal.c.obj
                0x20000004                uwTickFreq
 *fill*         0x20000005        0x3 
 .data.uwTickPrio
                0x20000008        0x4 CMakeFiles/STM32F405RGT6.elf.dir/Drivers/STM32F4xx_HAL_Driver/Src/stm32f4xx_hal.c.obj
                0x20000008                uwTickPrio
 .data.uxCriticalNesting
                0x2000000c        0x4 CMakeFiles/STM32F405RGT6.elf.dir/Middlewares/Third_Party/FreeRTOS/Source/portable/GCC/ARM_CM4F/port.c.obj
 .data._impure_ptr
                0x20000010        0x4 d:/place_for_installation/gcc_arm_none_eabi/gcc-arm-none-eabi-9-2019-q4-major-win32/bin/../lib/gcc/arm-none-eabi/9.2.1/../../../../arm-none-eabi/lib/thumb/v7e-m+fp/hard\libg.a(lib_a-impure.o)
                0x20000010                _impure_ptr
 *fill*         0x20000014        0x4 
 .data.impure_data
                0x20000018      0x428 d:/place_for_installation/gcc_arm_none_eabi/gcc-arm-none-eabi-9-2019-q4-major-win32/bin/../lib/gcc/arm-none-eabi/9.2.1/../../../../arm-none-eabi/lib/thumb/v7e-m+fp/hard\libg.a(lib_a-impure.o)
 .data.__atexit_recursive_mutex
                0x20000440        0x4 d:/place_for_installation/gcc_arm_none_eabi/gcc-arm-none-eabi-9-2019-q4-major-win32/bin/../lib/gcc/arm-none-eabi/9.2.1/../../../../arm-none-eabi/lib/thumb/v7e-m+fp/hard\libg.a(lib_a-__call_atexit.o)
                0x20000440                __atexit_recursive_mutex
 .data.__malloc_av_
                0x20000444      0x408 d:/place_for_installation/gcc_arm_none_eabi/gcc-arm-none-eabi-9-2019-q4-major-win32/bin/../lib/gcc/arm-none-eabi/9.2.1/../../../../arm-none-eabi/lib/thumb/v7e-m+fp/hard\libg.a(lib_a-mallocr.o)
                0x20000444                __malloc_av_
 .data.__malloc_sbrk_base
                0x2000084c        0x4 d:/place_for_installation/gcc_arm_none_eabi/gcc-arm-none-eabi-9-2019-q4-major-win32/bin/../lib/gcc/arm-none-eabi/9.2.1/../../../../arm-none-eabi/lib/thumb/v7e-m+fp/hard\libg.a(lib_a-mallocr.o)
                0x2000084c                __malloc_sbrk_base
 .data.__malloc_trim_threshold
                0x20000850        0x4 d:/place_for_installation/gcc_arm_none_eabi/gcc-arm-none-eabi-9-2019-q4-major-win32/bin/../lib/gcc/arm-none-eabi/9.2.1/../../../../arm-none-eabi/lib/thumb/v7e-m+fp/hard\libg.a(lib_a-mallocr.o)
                0x20000850                __malloc_trim_threshold
 *(.RamFunc)
 *(.RamFunc*)
                0x20000854                . = ALIGN (0x4)
                0x20000854                _edata = .
                0x08006778                _siccmram = LOADADDR (.ccmram)

.igot.plt       0x20000854        0x0 load address 0x08006778
 .igot.plt      0x20000854        0x0 d:/place_for_installation/gcc_arm_none_eabi/gcc-arm-none-eabi-9-2019-q4-major-win32/bin/../lib/gcc/arm-none-eabi/9.2.1/thumb/v7e-m+fp/hard/crtbegin.o

.ccmram         0x10000000        0x0 load address 0x08006778
                0x10000000                . = ALIGN (0x4)
                0x10000000                _sccmram = .
 *(.ccmram)
 *(.ccmram*)
                0x10000000                . = ALIGN (0x4)
                0x10000000                _eccmram = .
                0x10000000                . = ALIGN (0x4)

.bss            0x20000858     0x57fc
                0x20000858                _sbss = .
                0x20000858                __bss_start__ = _sbss
 *(.bss)
 .bss           0x20000858       0x1c d:/place_for_installation/gcc_arm_none_eabi/gcc-arm-none-eabi-9-2019-q4-major-win32/bin/../lib/gcc/arm-none-eabi/9.2.1/thumb/v7e-m+fp/hard/crtbegin.o
 *(.bss*)
 .bss.hadc1     0x20000874       0x48 CMakeFiles/STM32F405RGT6.elf.dir/Core/Src/adc.c.obj
                0x20000874                hadc1
 .bss.hdma_adc1
                0x200008bc       0x60 CMakeFiles/STM32F405RGT6.elf.dir/Core/Src/adc.c.obj
                0x200008bc                hdma_adc1
 .bss.HAL_RCC_CAN1_CLK_ENABLED
                0x2000091c        0x4 CMakeFiles/STM32F405RGT6.elf.dir/Core/Src/can.c.obj
 .bss.hcan1     0x20000920       0x28 CMakeFiles/STM32F405RGT6.elf.dir/Core/Src/can.c.obj
                0x20000920                hcan1
 .bss.hcan2     0x20000948       0x28 CMakeFiles/STM32F405RGT6.elf.dir/Core/Src/can.c.obj
                0x20000948                hcan2
 .bss.defaultTaskHandle
                0x20000970        0x4 CMakeFiles/STM32F405RGT6.elf.dir/Core/Src/freertos.c.obj
                0x20000970                defaultTaskHandle
 .bss.hi2c1     0x20000974       0x54 CMakeFiles/STM32F405RGT6.elf.dir/Core/Src/i2c.c.obj
                0x20000974                hi2c1
 .bss.hi2c2     0x200009c8       0x54 CMakeFiles/STM32F405RGT6.elf.dir/Core/Src/i2c.c.obj
                0x200009c8                hi2c2
 .bss.hi2c3     0x20000a1c       0x54 CMakeFiles/STM32F405RGT6.elf.dir/Core/Src/i2c.c.obj
                0x20000a1c                hi2c3
 .bss.hspi1     0x20000a70       0x58 CMakeFiles/STM32F405RGT6.elf.dir/Core/Src/spi.c.obj
                0x20000a70                hspi1
 .bss.hspi3     0x20000ac8       0x58 CMakeFiles/STM32F405RGT6.elf.dir/Core/Src/spi.c.obj
                0x20000ac8                hspi3
 .bss.htim7     0x20000b20       0x48 CMakeFiles/STM32F405RGT6.elf.dir/Core/Src/stm32f4xx_hal_timebase_tim.c.obj
                0x20000b20                htim7
 .bss.__sbrk_heap_end
                0x20000b68        0x4 CMakeFiles/STM32F405RGT6.elf.dir/Core/Src/sysmem.c.obj
 .bss.htim2     0x20000b6c       0x48 CMakeFiles/STM32F405RGT6.elf.dir/Core/Src/tim.c.obj
                0x20000b6c                htim2
 .bss.htim3     0x20000bb4       0x48 CMakeFiles/STM32F405RGT6.elf.dir/Core/Src/tim.c.obj
                0x20000bb4                htim3
 .bss.hdma_uart4_rx
                0x20000bfc       0x60 CMakeFiles/STM32F405RGT6.elf.dir/Core/Src/usart.c.obj
                0x20000bfc                hdma_uart4_rx
 .bss.hdma_uart4_tx
                0x20000c5c       0x60 CMakeFiles/STM32F405RGT6.elf.dir/Core/Src/usart.c.obj
                0x20000c5c                hdma_uart4_tx
 .bss.hdma_uart5_rx
                0x20000cbc       0x60 CMakeFiles/STM32F405RGT6.elf.dir/Core/Src/usart.c.obj
                0x20000cbc                hdma_uart5_rx
 .bss.hdma_uart5_tx
                0x20000d1c       0x60 CMakeFiles/STM32F405RGT6.elf.dir/Core/Src/usart.c.obj
                0x20000d1c                hdma_uart5_tx
 .bss.huart1    0x20000d7c       0x48 CMakeFiles/STM32F405RGT6.elf.dir/Core/Src/usart.c.obj
                0x20000d7c                huart1
 .bss.huart4    0x20000dc4       0x48 CMakeFiles/STM32F405RGT6.elf.dir/Core/Src/usart.c.obj
                0x20000dc4                huart4
 .bss.huart5    0x20000e0c       0x48 CMakeFiles/STM32F405RGT6.elf.dir/Core/Src/usart.c.obj
                0x20000e0c                huart5
 .bss.uwTick    0x20000e54        0x4 CMakeFiles/STM32F405RGT6.elf.dir/Drivers/STM32F4xx_HAL_Driver/Src/stm32f4xx_hal.c.obj
                0x20000e54                uwTick
 .bss.Idle_Stack.11178
                0x20000e58      0x200 CMakeFiles/STM32F405RGT6.elf.dir/Middlewares/Third_Party/FreeRTOS/Source/CMSIS_RTOS_V2/cmsis_os2.c.obj
 .bss.Idle_TCB.11177
                0x20001058      0x488 CMakeFiles/STM32F405RGT6.elf.dir/Middlewares/Third_Party/FreeRTOS/Source/CMSIS_RTOS_V2/cmsis_os2.c.obj
 .bss.KernelState
                0x200014e0        0x4 CMakeFiles/STM32F405RGT6.elf.dir/Middlewares/Third_Party/FreeRTOS/Source/CMSIS_RTOS_V2/cmsis_os2.c.obj
 .bss.Timer_Stack.11185
                0x200014e4      0x400 CMakeFiles/STM32F405RGT6.elf.dir/Middlewares/Third_Party/FreeRTOS/Source/CMSIS_RTOS_V2/cmsis_os2.c.obj
 *fill*         0x200018e4        0x4 
 .bss.Timer_TCB.11184
                0x200018e8      0x488 CMakeFiles/STM32F405RGT6.elf.dir/Middlewares/Third_Party/FreeRTOS/Source/CMSIS_RTOS_V2/cmsis_os2.c.obj
 .bss.ucMaxSysCallPriority
                0x20001d70        0x1 CMakeFiles/STM32F405RGT6.elf.dir/Middlewares/Third_Party/FreeRTOS/Source/portable/GCC/ARM_CM4F/port.c.obj
 *fill*         0x20001d71        0x3 
 .bss.ulMaxPRIGROUPValue
                0x20001d74        0x4 CMakeFiles/STM32F405RGT6.elf.dir/Middlewares/Third_Party/FreeRTOS/Source/portable/GCC/ARM_CM4F/port.c.obj
 .bss.pxEnd     0x20001d78        0x4 CMakeFiles/STM32F405RGT6.elf.dir/Middlewares/Third_Party/FreeRTOS/Source/portable/MemMang/heap_4.c.obj
 .bss.ucHeap    0x20001d7c     0x3c00 CMakeFiles/STM32F405RGT6.elf.dir/Middlewares/Third_Party/FreeRTOS/Source/portable/MemMang/heap_4.c.obj
 .bss.xBlockAllocatedBit
                0x2000597c        0x4 CMakeFiles/STM32F405RGT6.elf.dir/Middlewares/Third_Party/FreeRTOS/Source/portable/MemMang/heap_4.c.obj
 .bss.xFreeBytesRemaining
                0x20005980        0x4 CMakeFiles/STM32F405RGT6.elf.dir/Middlewares/Third_Party/FreeRTOS/Source/portable/MemMang/heap_4.c.obj
 .bss.xMinimumEverFreeBytesRemaining
                0x20005984        0x4 CMakeFiles/STM32F405RGT6.elf.dir/Middlewares/Third_Party/FreeRTOS/Source/portable/MemMang/heap_4.c.obj
 .bss.xNumberOfSuccessfulAllocations
                0x20005988        0x4 CMakeFiles/STM32F405RGT6.elf.dir/Middlewares/Third_Party/FreeRTOS/Source/portable/MemMang/heap_4.c.obj
 .bss.xNumberOfSuccessfulFrees
                0x2000598c        0x4 CMakeFiles/STM32F405RGT6.elf.dir/Middlewares/Third_Party/FreeRTOS/Source/portable/MemMang/heap_4.c.obj
 .bss.xStart    0x20005990        0x8 CMakeFiles/STM32F405RGT6.elf.dir/Middlewares/Third_Party/FreeRTOS/Source/portable/MemMang/heap_4.c.obj
 .bss.xQueueRegistry
                0x20005998       0x40 CMakeFiles/STM32F405RGT6.elf.dir/Middlewares/Third_Party/FreeRTOS/Source/queue.c.obj
                0x20005998                xQueueRegistry
 .bss.pxCurrentTCB
                0x200059d8        0x4 CMakeFiles/STM32F405RGT6.elf.dir/Middlewares/Third_Party/FreeRTOS/Source/tasks.c.obj
                0x200059d8                pxCurrentTCB
 .bss.pxDelayedTaskList
                0x200059dc        0x4 CMakeFiles/STM32F405RGT6.elf.dir/Middlewares/Third_Party/FreeRTOS/Source/tasks.c.obj
 .bss.pxOverflowDelayedTaskList
                0x200059e0        0x4 CMakeFiles/STM32F405RGT6.elf.dir/Middlewares/Third_Party/FreeRTOS/Source/tasks.c.obj
 .bss.pxReadyTasksLists
                0x200059e4      0x460 CMakeFiles/STM32F405RGT6.elf.dir/Middlewares/Third_Party/FreeRTOS/Source/tasks.c.obj
 .bss.uxCurrentNumberOfTasks
                0x20005e44        0x4 CMakeFiles/STM32F405RGT6.elf.dir/Middlewares/Third_Party/FreeRTOS/Source/tasks.c.obj
 .bss.uxDeletedTasksWaitingCleanUp
                0x20005e48        0x4 CMakeFiles/STM32F405RGT6.elf.dir/Middlewares/Third_Party/FreeRTOS/Source/tasks.c.obj
 .bss.uxSchedulerSuspended
                0x20005e4c        0x4 CMakeFiles/STM32F405RGT6.elf.dir/Middlewares/Third_Party/FreeRTOS/Source/tasks.c.obj
 .bss.uxTaskNumber
                0x20005e50        0x4 CMakeFiles/STM32F405RGT6.elf.dir/Middlewares/Third_Party/FreeRTOS/Source/tasks.c.obj
 .bss.uxTopReadyPriority
                0x20005e54        0x4 CMakeFiles/STM32F405RGT6.elf.dir/Middlewares/Third_Party/FreeRTOS/Source/tasks.c.obj
 .bss.xDelayedTaskList1
                0x20005e58       0x14 CMakeFiles/STM32F405RGT6.elf.dir/Middlewares/Third_Party/FreeRTOS/Source/tasks.c.obj
 .bss.xDelayedTaskList2
                0x20005e6c       0x14 CMakeFiles/STM32F405RGT6.elf.dir/Middlewares/Third_Party/FreeRTOS/Source/tasks.c.obj
 .bss.xNextTaskUnblockTime
                0x20005e80        0x4 CMakeFiles/STM32F405RGT6.elf.dir/Middlewares/Third_Party/FreeRTOS/Source/tasks.c.obj
 .bss.xNumOfOverflows
                0x20005e84        0x4 CMakeFiles/STM32F405RGT6.elf.dir/Middlewares/Third_Party/FreeRTOS/Source/tasks.c.obj
 .bss.xPendedTicks
                0x20005e88        0x4 CMakeFiles/STM32F405RGT6.elf.dir/Middlewares/Third_Party/FreeRTOS/Source/tasks.c.obj
 .bss.xPendingReadyList
                0x20005e8c       0x14 CMakeFiles/STM32F405RGT6.elf.dir/Middlewares/Third_Party/FreeRTOS/Source/tasks.c.obj
 .bss.xSchedulerRunning
                0x20005ea0        0x4 CMakeFiles/STM32F405RGT6.elf.dir/Middlewares/Third_Party/FreeRTOS/Source/tasks.c.obj
 .bss.xSuspendedTaskList
                0x20005ea4       0x14 CMakeFiles/STM32F405RGT6.elf.dir/Middlewares/Third_Party/FreeRTOS/Source/tasks.c.obj
 .bss.xTasksWaitingTermination
                0x20005eb8       0x14 CMakeFiles/STM32F405RGT6.elf.dir/Middlewares/Third_Party/FreeRTOS/Source/tasks.c.obj
 .bss.xTickCount
                0x20005ecc        0x4 CMakeFiles/STM32F405RGT6.elf.dir/Middlewares/Third_Party/FreeRTOS/Source/tasks.c.obj
 .bss.xYieldPending
                0x20005ed0        0x4 CMakeFiles/STM32F405RGT6.elf.dir/Middlewares/Third_Party/FreeRTOS/Source/tasks.c.obj
 .bss.pxCurrentTimerList
                0x20005ed4        0x4 CMakeFiles/STM32F405RGT6.elf.dir/Middlewares/Third_Party/FreeRTOS/Source/timers.c.obj
 .bss.pxOverflowTimerList
                0x20005ed8        0x4 CMakeFiles/STM32F405RGT6.elf.dir/Middlewares/Third_Party/FreeRTOS/Source/timers.c.obj
 .bss.ucStaticTimerQueueStorage.7045
                0x20005edc       0xa0 CMakeFiles/STM32F405RGT6.elf.dir/Middlewares/Third_Party/FreeRTOS/Source/timers.c.obj
 .bss.xActiveTimerList1
                0x20005f7c       0x14 CMakeFiles/STM32F405RGT6.elf.dir/Middlewares/Third_Party/FreeRTOS/Source/timers.c.obj
 .bss.xActiveTimerList2
                0x20005f90       0x14 CMakeFiles/STM32F405RGT6.elf.dir/Middlewares/Third_Party/FreeRTOS/Source/timers.c.obj
 .bss.xLastTime.6994
                0x20005fa4        0x4 CMakeFiles/STM32F405RGT6.elf.dir/Middlewares/Third_Party/FreeRTOS/Source/timers.c.obj
 .bss.xStaticTimerQueue.7044
                0x20005fa8       0x50 CMakeFiles/STM32F405RGT6.elf.dir/Middlewares/Third_Party/FreeRTOS/Source/timers.c.obj
 .bss.xTimerQueue
                0x20005ff8        0x4 CMakeFiles/STM32F405RGT6.elf.dir/Middlewares/Third_Party/FreeRTOS/Source/timers.c.obj
 .bss.xTimerTaskHandle
                0x20005ffc        0x4 CMakeFiles/STM32F405RGT6.elf.dir/Middlewares/Third_Party/FreeRTOS/Source/timers.c.obj
 .bss.__malloc_current_mallinfo
                0x20006000       0x28 d:/place_for_installation/gcc_arm_none_eabi/gcc-arm-none-eabi-9-2019-q4-major-win32/bin/../lib/gcc/arm-none-eabi/9.2.1/../../../../arm-none-eabi/lib/thumb/v7e-m+fp/hard\libg.a(lib_a-mallocr.o)
                0x20006000                __malloc_current_mallinfo
 .bss.__malloc_top_pad
                0x20006028        0x4 d:/place_for_installation/gcc_arm_none_eabi/gcc-arm-none-eabi-9-2019-q4-major-win32/bin/../lib/gcc/arm-none-eabi/9.2.1/../../../../arm-none-eabi/lib/thumb/v7e-m+fp/hard\libg.a(lib_a-mallocr.o)
                0x20006028                __malloc_top_pad
 *(COMMON)
 COMMON         0x2000602c        0x4 d:/place_for_installation/gcc_arm_none_eabi/gcc-arm-none-eabi-9-2019-q4-major-win32/bin/../lib/gcc/arm-none-eabi/9.2.1/../../../../arm-none-eabi/lib/thumb/v7e-m+fp/hard\libg.a(lib_a-reent.o)
                0x2000602c                errno
 COMMON         0x20006030       0x21 d:/place_for_installation/gcc_arm_none_eabi/gcc-arm-none-eabi-9-2019-q4-major-win32/bin/../lib/gcc/arm-none-eabi/9.2.1/../../../../arm-none-eabi/lib/thumb/v7e-m+fp/hard\libg.a(lib_a-lock.o)
                0x20006030                __lock___atexit_recursive_mutex
                0x20006034                __lock___arc4random_mutex
                0x20006038                __lock___env_recursive_mutex
                0x2000603c                __lock___sinit_recursive_mutex
                0x20006040                __lock___malloc_recursive_mutex
                0x20006044                __lock___at_quick_exit_mutex
                0x20006048                __lock___dd_hash_mutex
                0x2000604c                __lock___tz_mutex
                0x20006050                __lock___sfp_recursive_mutex
                0x20006054                . = ALIGN (0x4)
 *fill*         0x20006051        0x3 
                0x20006054                _ebss = .
                0x20006054                __bss_end__ = _ebss

._user_heap_stack
                0x20006054      0x604
                0x20006058                . = ALIGN (0x8)
 *fill*         0x20006054        0x4 
                [!provide]                PROVIDE (end = .)
                0x20006058                PROVIDE (_end = .)
                0x20006258                . = (. + _Min_Heap_Size)
 *fill*         0x20006058      0x200 
                0x20006658                . = (. + _Min_Stack_Size)
 *fill*         0x20006258      0x400 
                0x20006658                . = ALIGN (0x8)

/DISCARD/
 libc.a(*)
 libm.a(*)
 libgcc.a(*)

.ARM.attributes
                0x00000000       0x30
 *(.ARM.attributes)
 .ARM.attributes
                0x00000000       0x1e d:/place_for_installation/gcc_arm_none_eabi/gcc-arm-none-eabi-9-2019-q4-major-win32/bin/../lib/gcc/arm-none-eabi/9.2.1/thumb/v7e-m+fp/hard/crti.o
 .ARM.attributes
                0x0000001e       0x34 d:/place_for_installation/gcc_arm_none_eabi/gcc-arm-none-eabi-9-2019-q4-major-win32/bin/../lib/gcc/arm-none-eabi/9.2.1/thumb/v7e-m+fp/hard/crtbegin.o
 .ARM.attributes
                0x00000052       0x34 CMakeFiles/STM32F405RGT6.elf.dir/Core/Src/adc.c.obj
 .ARM.attributes
                0x00000086       0x34 CMakeFiles/STM32F405RGT6.elf.dir/Core/Src/can.c.obj
 .ARM.attributes
                0x000000ba       0x34 CMakeFiles/STM32F405RGT6.elf.dir/Core/Src/dma.c.obj
 .ARM.attributes
                0x000000ee       0x34 CMakeFiles/STM32F405RGT6.elf.dir/Core/Src/freertos.c.obj
 .ARM.attributes
                0x00000122       0x34 CMakeFiles/STM32F405RGT6.elf.dir/Core/Src/gpio.c.obj
 .ARM.attributes
                0x00000156       0x34 CMakeFiles/STM32F405RGT6.elf.dir/Core/Src/i2c.c.obj
 .ARM.attributes
                0x0000018a       0x34 CMakeFiles/STM32F405RGT6.elf.dir/Core/Src/main.c.obj
 .ARM.attributes
                0x000001be       0x34 CMakeFiles/STM32F405RGT6.elf.dir/Core/Src/spi.c.obj
 .ARM.attributes
                0x000001f2       0x34 CMakeFiles/STM32F405RGT6.elf.dir/Core/Src/stm32f4xx_hal_msp.c.obj
 .ARM.attributes
                0x00000226       0x34 CMakeFiles/STM32F405RGT6.elf.dir/Core/Src/stm32f4xx_hal_timebase_tim.c.obj
 .ARM.attributes
                0x0000025a       0x34 CMakeFiles/STM32F405RGT6.elf.dir/Core/Src/stm32f4xx_it.c.obj
 .ARM.attributes
                0x0000028e       0x34 CMakeFiles/STM32F405RGT6.elf.dir/Core/Src/sysmem.c.obj
 .ARM.attributes
                0x000002c2       0x34 CMakeFiles/STM32F405RGT6.elf.dir/Core/Src/system_stm32f4xx.c.obj
 .ARM.attributes
                0x000002f6       0x34 CMakeFiles/STM32F405RGT6.elf.dir/Core/Src/tim.c.obj
 .ARM.attributes
                0x0000032a       0x34 CMakeFiles/STM32F405RGT6.elf.dir/Core/Src/usart.c.obj
 .ARM.attributes
                0x0000035e       0x21 CMakeFiles/STM32F405RGT6.elf.dir/Core/Startup/startup_stm32f405rgtx.s.obj
 .ARM.attributes
                0x0000037f       0x34 CMakeFiles/STM32F405RGT6.elf.dir/Drivers/STM32F4xx_HAL_Driver/Src/stm32f4xx_hal.c.obj
 .ARM.attributes
                0x000003b3       0x34 CMakeFiles/STM32F405RGT6.elf.dir/Drivers/STM32F4xx_HAL_Driver/Src/stm32f4xx_hal_adc.c.obj
 .ARM.attributes
                0x000003e7       0x34 CMakeFiles/STM32F405RGT6.elf.dir/Drivers/STM32F4xx_HAL_Driver/Src/stm32f4xx_hal_adc_ex.c.obj
 .ARM.attributes
                0x0000041b       0x34 CMakeFiles/STM32F405RGT6.elf.dir/Drivers/STM32F4xx_HAL_Driver/Src/stm32f4xx_hal_can.c.obj
 .ARM.attributes
                0x0000044f       0x34 CMakeFiles/STM32F405RGT6.elf.dir/Drivers/STM32F4xx_HAL_Driver/Src/stm32f4xx_hal_cortex.c.obj
 .ARM.attributes
                0x00000483       0x34 CMakeFiles/STM32F405RGT6.elf.dir/Drivers/STM32F4xx_HAL_Driver/Src/stm32f4xx_hal_dma.c.obj
 .ARM.attributes
                0x000004b7       0x34 CMakeFiles/STM32F405RGT6.elf.dir/Drivers/STM32F4xx_HAL_Driver/Src/stm32f4xx_hal_gpio.c.obj
 .ARM.attributes
                0x000004eb       0x34 CMakeFiles/STM32F405RGT6.elf.dir/Drivers/STM32F4xx_HAL_Driver/Src/stm32f4xx_hal_i2c.c.obj
 .ARM.attributes
                0x0000051f       0x34 CMakeFiles/STM32F405RGT6.elf.dir/Drivers/STM32F4xx_HAL_Driver/Src/stm32f4xx_hal_rcc.c.obj
 .ARM.attributes
                0x00000553       0x34 CMakeFiles/STM32F405RGT6.elf.dir/Drivers/STM32F4xx_HAL_Driver/Src/stm32f4xx_hal_spi.c.obj
 .ARM.attributes
                0x00000587       0x34 CMakeFiles/STM32F405RGT6.elf.dir/Drivers/STM32F4xx_HAL_Driver/Src/stm32f4xx_hal_tim.c.obj
 .ARM.attributes
                0x000005bb       0x34 CMakeFiles/STM32F405RGT6.elf.dir/Drivers/STM32F4xx_HAL_Driver/Src/stm32f4xx_hal_tim_ex.c.obj
 .ARM.attributes
                0x000005ef       0x34 CMakeFiles/STM32F405RGT6.elf.dir/Drivers/STM32F4xx_HAL_Driver/Src/stm32f4xx_hal_uart.c.obj
 .ARM.attributes
                0x00000623       0x34 CMakeFiles/STM32F405RGT6.elf.dir/Middlewares/Third_Party/FreeRTOS/Source/CMSIS_RTOS_V2/cmsis_os2.c.obj
 .ARM.attributes
                0x00000657       0x34 CMakeFiles/STM32F405RGT6.elf.dir/Middlewares/Third_Party/FreeRTOS/Source/list.c.obj
 .ARM.attributes
                0x0000068b       0x34 CMakeFiles/STM32F405RGT6.elf.dir/Middlewares/Third_Party/FreeRTOS/Source/portable/GCC/ARM_CM4F/port.c.obj
 .ARM.attributes
                0x000006bf       0x34 CMakeFiles/STM32F405RGT6.elf.dir/Middlewares/Third_Party/FreeRTOS/Source/portable/MemMang/heap_4.c.obj
 .ARM.attributes
                0x000006f3       0x34 CMakeFiles/STM32F405RGT6.elf.dir/Middlewares/Third_Party/FreeRTOS/Source/queue.c.obj
 .ARM.attributes
                0x00000727       0x34 CMakeFiles/STM32F405RGT6.elf.dir/Middlewares/Third_Party/FreeRTOS/Source/tasks.c.obj
 .ARM.attributes
                0x0000075b       0x34 CMakeFiles/STM32F405RGT6.elf.dir/Middlewares/Third_Party/FreeRTOS/Source/timers.c.obj
 .ARM.attributes
                0x0000078f       0x1e d:/place_for_installation/gcc_arm_none_eabi/gcc-arm-none-eabi-9-2019-q4-major-win32/bin/../lib/gcc/arm-none-eabi/9.2.1/thumb/v7e-m+fp/hard\libgcc.a(_aeabi_uldivmod.o)
 .ARM.attributes
                0x000007ad       0x34 d:/place_for_installation/gcc_arm_none_eabi/gcc-arm-none-eabi-9-2019-q4-major-win32/bin/../lib/gcc/arm-none-eabi/9.2.1/thumb/v7e-m+fp/hard\libgcc.a(_udivmoddi4.o)
 .ARM.attributes
                0x000007e1       0x1e d:/place_for_installation/gcc_arm_none_eabi/gcc-arm-none-eabi-9-2019-q4-major-win32/bin/../lib/gcc/arm-none-eabi/9.2.1/thumb/v7e-m+fp/hard\libgcc.a(_dvmd_tls.o)
 .ARM.attributes
                0x000007ff       0x34 d:/place_for_installation/gcc_arm_none_eabi/gcc-arm-none-eabi-9-2019-q4-major-win32/bin/../lib/gcc/arm-none-eabi/9.2.1/../../../../arm-none-eabi/lib/thumb/v7e-m+fp/hard\libg.a(lib_a-errno.o)
 .ARM.attributes
                0x00000833       0x32 d:/place_for_installation/gcc_arm_none_eabi/gcc-arm-none-eabi-9-2019-q4-major-win32/bin/../lib/gcc/arm-none-eabi/9.2.1/../../../../arm-none-eabi/lib/thumb/v7e-m+fp/hard\libg.a(lib_a-impure.o)
 .ARM.attributes
                0x00000865       0x34 d:/place_for_installation/gcc_arm_none_eabi/gcc-arm-none-eabi-9-2019-q4-major-win32/bin/../lib/gcc/arm-none-eabi/9.2.1/../../../../arm-none-eabi/lib/thumb/v7e-m+fp/hard\libg.a(lib_a-init.o)
 .ARM.attributes
                0x00000899       0x1c d:/place_for_installation/gcc_arm_none_eabi/gcc-arm-none-eabi-9-2019-q4-major-win32/bin/../lib/gcc/arm-none-eabi/9.2.1/../../../../arm-none-eabi/lib/thumb/v7e-m+fp/hard\libg.a(lib_a-memcpy.o)
 .ARM.attributes
                0x000008b5       0x34 d:/place_for_installation/gcc_arm_none_eabi/gcc-arm-none-eabi-9-2019-q4-major-win32/bin/../lib/gcc/arm-none-eabi/9.2.1/../../../../arm-none-eabi/lib/thumb/v7e-m+fp/hard\libg.a(lib_a-memset.o)
 .ARM.attributes
                0x000008e9       0x34 d:/place_for_installation/gcc_arm_none_eabi/gcc-arm-none-eabi-9-2019-q4-major-win32/bin/../lib/gcc/arm-none-eabi/9.2.1/../../../../arm-none-eabi/lib/thumb/v7e-m+fp/hard\libg.a(lib_a-reent.o)
 .ARM.attributes
                0x0000091d       0x34 d:/place_for_installation/gcc_arm_none_eabi/gcc-arm-none-eabi-9-2019-q4-major-win32/bin/../lib/gcc/arm-none-eabi/9.2.1/../../../../arm-none-eabi/lib/thumb/v7e-m+fp/hard\libg.a(lib_a-__call_atexit.o)
 .ARM.attributes
                0x00000951       0x34 d:/place_for_installation/gcc_arm_none_eabi/gcc-arm-none-eabi-9-2019-q4-major-win32/bin/../lib/gcc/arm-none-eabi/9.2.1/../../../../arm-none-eabi/lib/thumb/v7e-m+fp/hard\libg.a(lib_a-atexit.o)
 .ARM.attributes
                0x00000985       0x34 d:/place_for_installation/gcc_arm_none_eabi/gcc-arm-none-eabi-9-2019-q4-major-win32/bin/../lib/gcc/arm-none-eabi/9.2.1/../../../../arm-none-eabi/lib/thumb/v7e-m+fp/hard\libg.a(lib_a-fini.o)
 .ARM.attributes
                0x000009b9       0x34 d:/place_for_installation/gcc_arm_none_eabi/gcc-arm-none-eabi-9-2019-q4-major-win32/bin/../lib/gcc/arm-none-eabi/9.2.1/../../../../arm-none-eabi/lib/thumb/v7e-m+fp/hard\libg.a(lib_a-freer.o)
 .ARM.attributes
                0x000009ed       0x34 d:/place_for_installation/gcc_arm_none_eabi/gcc-arm-none-eabi-9-2019-q4-major-win32/bin/../lib/gcc/arm-none-eabi/9.2.1/../../../../arm-none-eabi/lib/thumb/v7e-m+fp/hard\libg.a(lib_a-lock.o)
 .ARM.attributes
                0x00000a21       0x34 d:/place_for_installation/gcc_arm_none_eabi/gcc-arm-none-eabi-9-2019-q4-major-win32/bin/../lib/gcc/arm-none-eabi/9.2.1/../../../../arm-none-eabi/lib/thumb/v7e-m+fp/hard\libg.a(lib_a-mallocr.o)
 .ARM.attributes
                0x00000a55       0x34 d:/place_for_installation/gcc_arm_none_eabi/gcc-arm-none-eabi-9-2019-q4-major-win32/bin/../lib/gcc/arm-none-eabi/9.2.1/../../../../arm-none-eabi/lib/thumb/v7e-m+fp/hard\libg.a(lib_a-mlock.o)
 .ARM.attributes
                0x00000a89       0x34 d:/place_for_installation/gcc_arm_none_eabi/gcc-arm-none-eabi-9-2019-q4-major-win32/bin/../lib/gcc/arm-none-eabi/9.2.1/../../../../arm-none-eabi/lib/thumb/v7e-m+fp/hard\libg.a(lib_a-sbrkr.o)
 .ARM.attributes
                0x00000abd       0x34 d:/place_for_installation/gcc_arm_none_eabi/gcc-arm-none-eabi-9-2019-q4-major-win32/bin/../lib/gcc/arm-none-eabi/9.2.1/../../../../arm-none-eabi/lib/thumb/v7e-m+fp/hard\libg.a(lib_a-__atexit.o)
 .ARM.attributes
                0x00000af1       0x1e d:/place_for_installation/gcc_arm_none_eabi/gcc-arm-none-eabi-9-2019-q4-major-win32/bin/../lib/gcc/arm-none-eabi/9.2.1/thumb/v7e-m+fp/hard/crtn.o
OUTPUT(STM32F405RGT6.elf elf32-littlearm)

.debug_info     0x00000000    0x34052
 .debug_info    0x00000000      0xee7 CMakeFiles/STM32F405RGT6.elf.dir/Core/Src/adc.c.obj
 .debug_info    0x00000ee7      0xf40 CMakeFiles/STM32F405RGT6.elf.dir/Core/Src/can.c.obj
 .debug_info    0x00001e27      0x6ba CMakeFiles/STM32F405RGT6.elf.dir/Core/Src/dma.c.obj
 .debug_info    0x000024e1      0xcd2 CMakeFiles/STM32F405RGT6.elf.dir/Core/Src/freertos.c.obj
 .debug_info    0x000031b3      0x59c CMakeFiles/STM32F405RGT6.elf.dir/Core/Src/gpio.c.obj
 .debug_info    0x0000374f      0xd26 CMakeFiles/STM32F405RGT6.elf.dir/Core/Src/i2c.c.obj
 .debug_info    0x00004475     0x24a4 CMakeFiles/STM32F405RGT6.elf.dir/Core/Src/main.c.obj
 .debug_info    0x00006919      0xee7 CMakeFiles/STM32F405RGT6.elf.dir/Core/Src/spi.c.obj
 .debug_info    0x00007800      0x5d2 CMakeFiles/STM32F405RGT6.elf.dir/Core/Src/stm32f4xx_hal_msp.c.obj
 .debug_info    0x00007dd2      0xd6c CMakeFiles/STM32F405RGT6.elf.dir/Core/Src/stm32f4xx_hal_timebase_tim.c.obj
 .debug_info    0x00008b3e     0x163a CMakeFiles/STM32F405RGT6.elf.dir/Core/Src/stm32f4xx_it.c.obj
 .debug_info    0x0000a178      0xa3a CMakeFiles/STM32F405RGT6.elf.dir/Core/Src/sysmem.c.obj
 .debug_info    0x0000abb2      0x5b9 CMakeFiles/STM32F405RGT6.elf.dir/Core/Src/system_stm32f4xx.c.obj
 .debug_info    0x0000b16b     0x1133 CMakeFiles/STM32F405RGT6.elf.dir/Core/Src/tim.c.obj
 .debug_info    0x0000c29e     0x1071 CMakeFiles/STM32F405RGT6.elf.dir/Core/Src/usart.c.obj
 .debug_info    0x0000d30f       0x22 CMakeFiles/STM32F405RGT6.elf.dir/Core/Startup/startup_stm32f405rgtx.s.obj
 .debug_info    0x0000d331      0xa67 CMakeFiles/STM32F405RGT6.elf.dir/Drivers/STM32F4xx_HAL_Driver/Src/stm32f4xx_hal.c.obj
 .debug_info    0x0000dd98      0xfa9 CMakeFiles/STM32F405RGT6.elf.dir/Drivers/STM32F4xx_HAL_Driver/Src/stm32f4xx_hal_adc.c.obj
 .debug_info    0x0000ed41      0xd72 CMakeFiles/STM32F405RGT6.elf.dir/Drivers/STM32F4xx_HAL_Driver/Src/stm32f4xx_hal_adc_ex.c.obj
 .debug_info    0x0000fab3     0x1384 CMakeFiles/STM32F405RGT6.elf.dir/Drivers/STM32F4xx_HAL_Driver/Src/stm32f4xx_hal_can.c.obj
 .debug_info    0x00010e37     0x1188 CMakeFiles/STM32F405RGT6.elf.dir/Drivers/STM32F4xx_HAL_Driver/Src/stm32f4xx_hal_cortex.c.obj
 .debug_info    0x00011fbf      0xbed CMakeFiles/STM32F405RGT6.elf.dir/Drivers/STM32F4xx_HAL_Driver/Src/stm32f4xx_hal_dma.c.obj
 .debug_info    0x00012bac      0x884 CMakeFiles/STM32F405RGT6.elf.dir/Drivers/STM32F4xx_HAL_Driver/Src/stm32f4xx_hal_gpio.c.obj
 .debug_info    0x00013430     0x3a5f CMakeFiles/STM32F405RGT6.elf.dir/Drivers/STM32F4xx_HAL_Driver/Src/stm32f4xx_hal_i2c.c.obj
 .debug_info    0x00016e8f      0xb5d CMakeFiles/STM32F405RGT6.elf.dir/Drivers/STM32F4xx_HAL_Driver/Src/stm32f4xx_hal_rcc.c.obj
 .debug_info    0x000179ec     0x1e6b CMakeFiles/STM32F405RGT6.elf.dir/Drivers/STM32F4xx_HAL_Driver/Src/stm32f4xx_hal_spi.c.obj
 .debug_info    0x00019857     0x3ea6 CMakeFiles/STM32F405RGT6.elf.dir/Drivers/STM32F4xx_HAL_Driver/Src/stm32f4xx_hal_tim.c.obj
 .debug_info    0x0001d6fd     0x1bed CMakeFiles/STM32F405RGT6.elf.dir/Drivers/STM32F4xx_HAL_Driver/Src/stm32f4xx_hal_tim_ex.c.obj
 .debug_info    0x0001f2ea     0x4243 CMakeFiles/STM32F405RGT6.elf.dir/Drivers/STM32F4xx_HAL_Driver/Src/stm32f4xx_hal_uart.c.obj
 .debug_info    0x0002352d     0x5435 CMakeFiles/STM32F405RGT6.elf.dir/Middlewares/Third_Party/FreeRTOS/Source/CMSIS_RTOS_V2/cmsis_os2.c.obj
 .debug_info    0x00028962      0xb91 CMakeFiles/STM32F405RGT6.elf.dir/Middlewares/Third_Party/FreeRTOS/Source/list.c.obj